Component: Arm Compiler for Embedded 6.21 Tool: armlink [5ec1fa00]

==============================================================================

Section Cross References

    blinky.o(.text) refers to led_frdm-kl25z.o(.text) for LED_GetCount
    blinky.o(.text) refers to rt_cmsis.o(i.osThreadYield) for osThreadYield
    blinky.o(.text) refers to rtx_conf_cm.o(.text) for __osSignalWait
    blinky.o(.text) refers to rt_cmsis.o(i.osThreadCreate) for osThreadCreate
    blinky.o(.text) refers to blinky.o(.rodata.os_thread_def_Thread_LED) for os_thread_def_Thread_LED
    blinky.o(.text) refers to blinky.o(.bss.tid_Thread_LED) for tid_Thread_LED
    blinky.o(.text) refers to rt_cmsis.o(i.osKernelInitialize) for osKernelInitialize
    blinky.o(.text) refers to system_mkl25z4.o(.text) for SystemCoreClockUpdate
    blinky.o(.text) refers to rt_cmsis.o(i.osKernelStart) for osKernelStart
    blinky.o(.text) refers to rt_cmsis.o(i.osDelay) for osDelay
    blinky.o(.text) refers to rt_cmsis.o(i.osSignalSet) for osSignalSet
    blinky.o(.ARM.exidx) refers to blinky.o(.text) for [Anonymous Symbol]
    blinky.o(.rodata.os_thread_def_Thread_LED) refers to blinky.o(.text) for Thread_LED
    led_frdm-kl25z.o(.text) refers to led_frdm-kl25z.o(.rodata.led_port) for led_port
    led_frdm-kl25z.o(.text) refers to led_frdm-kl25z.o(.rodata.led_pin) for led_pin
    led_frdm-kl25z.o(.text) refers to led_frdm-kl25z.o(.rodata.led_gpio) for led_gpio
    led_frdm-kl25z.o(.ARM.exidx) refers to led_frdm-kl25z.o(.text) for [Anonymous Symbol]
    rtx_conf_cm.o(.text) refers to rt_cmsis.o(i.osSignalWait) for osSignalWait
    rtx_conf_cm.o(.text) refers to rt_cmsis.o(i.osMessageGet) for osMessageGet
    rtx_conf_cm.o(.text) refers to rt_cmsis.o(i.osMailGet) for osMailGet
    rtx_conf_cm.o(.ARM.exidx) refers to rtx_conf_cm.o(.text) for [Anonymous Symbol]
    rtx_conf_cm.o(.ARM.Collect$$$$000000FF) refers to rt_cmsis.o(i.osKernelInitialize) for osKernelInitialize
    rtx_conf_cm.o(.ARM.Collect$$$$000000FF) refers to rt_cmsis.o(i.osThreadCreate) for osThreadCreate
    rtx_conf_cm.o(.ARM.Collect$$$$000000FF) refers to rt_cmsis.o(i.osKernelStart) for osKernelStart
    rtx_conf_cm.o(.ARM.Collect$$$$000000FF) refers to rtx_conf_cm.o(.rodata.os_thread_def_main) for os_thread_def_main
    rtx_conf_cm.o(.ARM.exidx.ARM.Collect$$$$000000FF) refers to rtx_conf_cm.o(.ARM.Collect$$$$000000FF) for [Anonymous Symbol]
    rtx_conf_cm.o(.rodata.os_thread_def_osTimerThread) refers to rt_cmsis.o(i.osTimerThread) for osTimerThread
    rtx_conf_cm.o(.rodata.os_messageQ_def_osTimerMessageQ) refers to rtx_conf_cm.o(.bss.os_messageQ_q_osTimerMessageQ) for os_messageQ_q_osTimerMessageQ
    rtx_conf_cm.o(.rodata.os_thread_def_main) refers to blinky.o(.text) for main
    startup_mkl25z4.o(RESET) refers to startup_mkl25z4.o(STACK) for __initial_sp
    startup_mkl25z4.o(RESET) refers to startup_mkl25z4.o(.text) for Reset_Handler
    startup_mkl25z4.o(RESET) refers to hal_cm0.o(.emb_text) for SVC_Handler
    startup_mkl25z4.o(.text) refers to system_mkl25z4.o(.text) for SystemInit
    startup_mkl25z4.o(.text) refers to entry.o(.ARM.Collect$$$$00000000) for __main
    system_mkl25z4.o(.text) refers to uidiv_div0.o(.text) for __aeabi_uidiv
    system_mkl25z4.o(.text) refers to system_mkl25z4.o(.data.SystemCoreClock) for SystemCoreClock
    system_mkl25z4.o(.ARM.exidx) refers to system_mkl25z4.o(.text) for [Anonymous Symbol]
    rt_cmsis.o(i.isrMessageGet) refers to rt_mailbox.o(i.isr_mbx_receive) for isr_mbx_receive
    rt_cmsis.o(i.isrMessagePut) refers to rt_mailbox.o(i.rt_mbx_check) for rt_mbx_check
    rt_cmsis.o(i.isrMessagePut) refers to rt_mailbox.o(i.isr_mbx_send) for isr_mbx_send
    rt_cmsis.o(i.isrSemaphoreRelease) refers to rt_cmsis.o(i.rt_id2obj) for rt_id2obj
    rt_cmsis.o(i.isrSemaphoreRelease) refers to rt_semaphore.o(i.isr_sem_send) for isr_sem_send
    rt_cmsis.o(i.isrSignalSet) refers to rt_cmsis.o(i.rt_tid2ptcb) for rt_tid2ptcb
    rt_cmsis.o(i.isrSignalSet) refers to rt_event.o(i.isr_evt_set) for isr_evt_set
    rt_cmsis.o(i.osDelay) refers to rt_cmsis.o(i.svcDelay) for svcDelay
    rt_cmsis.o(i.osKernelInitialize) refers to rt_cmsis.o(i.svcKernelInitialize) for svcKernelInitialize
    rt_cmsis.o(i.osKernelRunning) refers to rt_cmsis.o(i.svcKernelRunning) for svcKernelRunning
    rt_cmsis.o(i.osKernelRunning) refers to rt_cmsis.o(.data) for .data
    rt_cmsis.o(i.osKernelStart) refers to rtx_conf_cm.o(.rodata.os_flags) for os_flags
    rt_cmsis.o(i.osKernelStart) refers to rt_cmsis.o(i.svcKernelStart) for svcKernelStart
    rt_cmsis.o(i.osKernelSysTick) refers to rt_cmsis.o(i.svcKernelSysTick) for svcKernelSysTick
    rt_cmsis.o(i.osMailAlloc) refers to rt_cmsis.o(i.sysMailAlloc) for sysMailAlloc
    rt_cmsis.o(i.osMailCAlloc) refers to rt_cmsis.o(i.sysMailAlloc) for sysMailAlloc
    rt_cmsis.o(i.osMailCAlloc) refers to rt_cmsis.o(i.rt_clr_box) for rt_clr_box
    rt_cmsis.o(i.osMailCreate) refers to rt_cmsis.o(i.svcMailCreate) for svcMailCreate
[...]
    rt_cmsis.o(i.svcMutexDelete) refers to rt_cmsis.o(i.rt_id2obj) for rt_id2obj
    rt_cmsis.o(i.svcMutexDelete) refers to rt_mutex.o(i.rt_mut_delete) for rt_mut_delete
    rt_cmsis.o(i.svcMutexRelease) refers to rt_cmsis.o(i.rt_id2obj) for rt_id2obj
    rt_cmsis.o(i.svcMutexRelease) refers to rt_mutex.o(i.rt_mut_release) for rt_mut_release
    rt_cmsis.o(i.svcMutexWait) refers to rt_cmsis.o(i.rt_id2obj) for rt_id2obj
    rt_cmsis.o(i.svcMutexWait) refers to rt_cmsis.o(i.rt_ms2tick) for rt_ms2tick
    rt_cmsis.o(i.svcMutexWait) refers to rt_mutex.o(i.rt_mut_wait) for rt_mut_wait
    rt_cmsis.o(i.svcPoolCreate) refers to rt_membox.o(i._init_box) for _init_box
    rt_cmsis.o(i.svcSemaphoreCreate) refers to rt_semaphore.o(i.rt_sem_init) for rt_sem_init
    rt_cmsis.o(i.svcSemaphoreDelete) refers to rt_cmsis.o(i.rt_id2obj) for rt_id2obj
    rt_cmsis.o(i.svcSemaphoreDelete) refers to rt_semaphore.o(i.rt_sem_delete) for rt_sem_delete
    rt_cmsis.o(i.svcSemaphoreRelease) refers to rt_cmsis.o(i.rt_id2obj) for rt_id2obj
    rt_cmsis.o(i.svcSemaphoreRelease) refers to rt_semaphore.o(i.rt_sem_send) for rt_sem_send
    rt_cmsis.o(i.svcSemaphoreWait) refers to rt_cmsis.o(i.rt_id2obj) for rt_id2obj
    rt_cmsis.o(i.svcSemaphoreWait) refers to rt_cmsis.o(i.rt_ms2tick) for rt_ms2tick
    rt_cmsis.o(i.svcSemaphoreWait) refers to rt_semaphore.o(i.rt_sem_wait) for rt_sem_wait
    rt_cmsis.o(i.svcSignalClear) refers to rt_cmsis.o(i.rt_tid2ptcb) for rt_tid2ptcb
    rt_cmsis.o(i.svcSignalClear) refers to rt_event.o(i.rt_evt_clr) for rt_evt_clr
    rt_cmsis.o(i.svcSignalSet) refers to rt_cmsis.o(i.rt_tid2ptcb) for rt_tid2ptcb
    rt_cmsis.o(i.svcSignalSet) refers to rt_event.o(i.rt_evt_set) for rt_evt_set
    rt_cmsis.o(i.svcSignalWait) refers to rt_cmsis.o(i.rt_ms2tick) for rt_ms2tick
    rt_cmsis.o(i.svcSignalWait) refers to rt_event.o(i.rt_evt_wait) for rt_evt_wait
    rt_cmsis.o(i.svcSignalWait) refers to rt_task.o(.data) for os_tsk
    rt_cmsis.o(i.svcThreadCreate) refers to rt_memory.o(i.rt_alloc_mem) for rt_alloc_mem
    rt_cmsis.o(i.svcThreadCreate) refers to rt_task.o(i.rt_tsk_create) for rt_tsk_create
    rt_cmsis.o(i.svcThreadCreate) refers to rt_memory.o(i.rt_free_mem) for rt_free_mem
    rt_cmsis.o(i.svcThreadCreate) refers to rtx_conf_cm.o(.bss.os_stack_mem) for os_stack_mem
    rt_cmsis.o(i.svcThreadCreate) refers to rtx_conf_cm.o(.bss.os_active_TCB) for os_active_TCB
    rt_cmsis.o(i.svcThreadCreate) refers to rt_cmsis.o(i.osThreadExit) for osThreadExit
    rt_cmsis.o(i.svcThreadGetId) refers to rt_task.o(i.rt_tsk_self) for rt_tsk_self
    rt_cmsis.o(i.svcThreadGetId) refers to rtx_conf_cm.o(.bss.os_active_TCB) for os_active_TCB
    rt_cmsis.o(i.svcThreadGetPriority) refers to rt_cmsis.o(i.rt_tid2ptcb) for rt_tid2ptcb
    rt_cmsis.o(i.svcThreadSetPriority) refers to rt_cmsis.o(i.rt_tid2ptcb) for rt_tid2ptcb
    rt_cmsis.o(i.svcThreadSetPriority) refers to rt_task.o(i.rt_tsk_prio) for rt_tsk_prio
    rt_cmsis.o(i.svcThreadTerminate) refers to rt_cmsis.o(i.rt_tid2ptcb) for rt_tid2ptcb
    rt_cmsis.o(i.svcThreadTerminate) refers to rt_task.o(i.rt_tsk_delete) for rt_tsk_delete
    rt_cmsis.o(i.svcThreadTerminate) refers to rt_memory.o(i.rt_free_mem) for rt_free_mem
    rt_cmsis.o(i.svcThreadTerminate) refers to rtx_conf_cm.o(.bss.os_stack_mem) for os_stack_mem
    rt_cmsis.o(i.svcThreadYield) refers to rt_task.o(i.rt_tsk_pass) for rt_tsk_pass
    rt_cmsis.o(i.svcTimerCall) refers to rt_cmsis.o(i.rt_id2obj) for rt_id2obj
    rt_cmsis.o(i.svcTimerCreate) refers to rtx_conf_cm.o(.bss.osThreadId_osTimerThread) for osThreadId_osTimerThread
    rt_cmsis.o(i.svcTimerDelete) refers to rt_cmsis.o(i.rt_id2obj) for rt_id2obj
    rt_cmsis.o(i.svcTimerDelete) refers to rt_cmsis.o(i.rt_timer_remove) for rt_timer_remove
    rt_cmsis.o(i.svcTimerStart) refers to rt_cmsis.o(i.rt_id2obj) for rt_id2obj
    rt_cmsis.o(i.svcTimerStart) refers to rt_cmsis.o(i.__ARM_common_ll_muluu) for __ARM_common_ll_muluu
    rt_cmsis.o(i.svcTimerStart) refers to uldiv.o(.text) for __aeabi_uldivmod
    rt_cmsis.o(i.svcTimerStart) refers to rt_cmsis.o(i.rt_timer_remove) for rt_timer_remove
    rt_cmsis.o(i.svcTimerStart) refers to rt_cmsis.o(i.rt_timer_insert) for rt_timer_insert
    rt_cmsis.o(i.svcTimerStart) refers to rtx_conf_cm.o(.rodata.os_clockrate) for os_clockrate
    rt_cmsis.o(i.svcTimerStop) refers to rt_cmsis.o(i.rt_id2obj) for rt_id2obj
    rt_cmsis.o(i.svcTimerStop) refers to rt_cmsis.o(i.rt_timer_remove) for rt_timer_remove
    rt_cmsis.o(i.sysMailAlloc) refers to rt_membox.o(i.rt_alloc_box) for rt_alloc_box
    rt_cmsis.o(i.sysMailAlloc) refers to rt_list.o(i.rt_put_prio) for rt_put_prio
    rt_cmsis.o(i.sysMailAlloc) refers to rt_cmsis.o(i.rt_ms2tick) for rt_ms2tick
    rt_cmsis.o(i.sysMailAlloc) refers to rt_task.o(i.rt_block) for rt_block
    rt_cmsis.o(i.sysMailAlloc) refers to rt_task.o(.data) for os_tsk
    rt_cmsis.o(i.sysMailFree) refers to rt_membox.o(i.rt_free_box) for rt_free_box
    rt_cmsis.o(i.sysMailFree) refers to rt_list.o(i.rt_psq_enq) for rt_psq_enq
    rt_cmsis.o(i.sysMailFree) refers to rt_system.o(i.rt_psh_req) for rt_psh_req
    rt_cmsis.o(i.sysMailFree) refers to rt_membox.o(i.rt_alloc_box) for rt_alloc_box
    rt_cmsis.o(i.sysMailFree) refers to rt_list.o(i.rt_get_first) for rt_get_first
    rt_cmsis.o(i.sysMailFree) refers to hal_cm.o(i.rt_ret_val) for rt_ret_val
    rt_cmsis.o(i.sysMailFree) refers to rt_list.o(i.rt_rmv_dly) for rt_rmv_dly
    rt_cmsis.o(i.sysMailFree) refers to rt_task.o(i.rt_dispatch) for rt_dispatch
    rt_cmsis.o(i.sysPoolAlloc) refers to rt_membox.o(i.rt_alloc_box) for rt_alloc_box
    rt_cmsis.o(i.sysPoolFree) refers to rt_membox.o(i.rt_free_box) for rt_free_box
    rt_cmsis.o(i.sysTimerTick) refers to rt_cmsis.o(i.isrMessagePut) for isrMessagePut
    rt_cmsis.o(i.sysTimerTick) refers to rtx_conf_cm.o(.text) for os_error
    rt_cmsis.o(i.sysTimerTick) refers to rt_cmsis.o(i.rt_timer_insert) for rt_timer_insert
    rt_cmsis.o(i.sysTimerTick) refers to rt_cmsis.o(.data) for .data
    rt_cmsis.o(i.sysTimerTick) refers to rtx_conf_cm.o(.bss.osMessageQId_osTimerMessageQ) for osMessageQId_osTimerMessageQ
    rt_cmsis.o(i.sysUserTimerUpdate) refers to rt_cmsis.o(i.sysTimerTick) for sysTimerTick
    rt_cmsis.o(i.sysUserTimerUpdate) refers to rt_cmsis.o(.data) for .data
    rt_cmsis.o(i.sysUserTimerWakeupTime) refers to rt_cmsis.o(.data) for .data
    rt_task.o(i.rt_block) refers to rt_list.o(i.rt_put_dly) for rt_put_dly
    rt_task.o(i.rt_block) refers to rt_list.o(i.rt_get_first) for rt_get_first
    rt_task.o(i.rt_block) refers to rt_task.o(i.rt_switch_req) for rt_switch_req
    rt_task.o(i.rt_block) refers to rt_task.o(.data) for .data
    rt_task.o(i.rt_block) refers to rt_list.o(.bss) for os_rdy
    rt_task.o(i.rt_dispatch) refers to rt_list.o(i.rt_put_rdy_first) for rt_put_rdy_first
    rt_task.o(i.rt_dispatch) refers to rt_task.o(i.rt_switch_req) for rt_switch_req
    rt_task.o(i.rt_dispatch) refers to rt_list.o(i.rt_get_first) for rt_get_first
    rt_task.o(i.rt_dispatch) refers to rt_list.o(i.rt_put_prio) for rt_put_prio
    rt_task.o(i.rt_dispatch) refers to rt_task.o(.data) for .data
    rt_task.o(i.rt_dispatch) refers to rt_list.o(.bss) for os_rdy
    rt_task.o(i.rt_init_context) refers to rt_membox.o(i.rt_alloc_box) for rt_alloc_box
    rt_task.o(i.rt_init_context) refers to hal_cm.o(i.rt_init_stack) for rt_init_stack
    rt_task.o(i.rt_init_context) refers to rtx_conf_cm.o(.bss.mp_stk) for mp_stk
    rt_task.o(i.rt_switch_req) refers to rt_task.o(.data) for .data
    rt_task.o(i.rt_sys_init) refers to rt_membox.o(i._init_box) for _init_box
    rt_task.o(i.rt_sys_init) refers to rt_task.o(i.rt_init_context) for rt_init_context
    rt_task.o(i.rt_sys_init) refers to rt_robin.o(i.rt_init_robin) for rt_init_robin
    rt_task.o(i.rt_sys_init) refers to rtx_conf_cm.o(.bss.os_active_TCB) for os_active_TCB
    rt_task.o(i.rt_sys_init) refers to rtx_conf_cm.o(.rodata.os_maxtaskrun) for os_maxtaskrun
    rt_task.o(i.rt_sys_init) refers to rtx_conf_cm.o(.rodata.mp_tcb_size) for mp_tcb_size
    rt_task.o(i.rt_sys_init) refers to rtx_conf_cm.o(.bss.mp_tcb) for mp_tcb
    rt_task.o(i.rt_sys_init) refers to rtx_conf_cm.o(.rodata.os_stackinfo) for os_stackinfo
    rt_task.o(i.rt_sys_init) refers to rtx_conf_cm.o(.rodata.mp_stk_size) for mp_stk_size
    rt_task.o(i.rt_sys_init) refers to rtx_conf_cm.o(.bss.mp_stk) for mp_stk
    rt_task.o(i.rt_sys_init) refers to rtx_conf_cm.o(.rodata.mp_tmr_size) for mp_tmr_size
    rt_task.o(i.rt_sys_init) refers to rtx_conf_cm.o(.bss.m_tmr) for m_tmr
    rt_task.o(i.rt_sys_init) refers to rt_task.o(.bss) for .bss
    rt_task.o(i.rt_sys_init) refers to rtx_conf_cm.o(.text) for os_idle_demon
    rt_task.o(i.rt_sys_init) refers to rt_list.o(.bss) for os_rdy
    rt_task.o(i.rt_sys_init) refers to rt_task.o(.data) for .data
    rt_task.o(i.rt_sys_init) refers to rtx_conf_cm.o(.bss.os_fifo) for os_fifo
    rt_task.o(i.rt_sys_init) refers to rtx_conf_cm.o(.rodata.os_fifo_size) for os_fifo_size
    rt_task.o(i.rt_sys_start) refers to rt_system.o(i.os_tick_init) for os_tick_init
    rt_task.o(i.rt_sys_start) refers to rt_system.o(.data) for os_tick_irqn
    rt_task.o(i.rt_tsk_create) refers to rt_membox.o(i.rt_alloc_box) for rt_alloc_box
    rt_task.o(i.rt_tsk_create) refers to rt_task.o(i.rt_init_context) for rt_init_context
    rt_task.o(i.rt_tsk_create) refers to rt_task.o(i.rt_dispatch) for rt_dispatch
    rt_task.o(i.rt_tsk_create) refers to rtx_conf_cm.o(.bss.mp_tcb) for mp_tcb
    rt_task.o(i.rt_tsk_create) refers to rtx_conf_cm.o(.bss.os_active_TCB) for os_active_TCB
    rt_task.o(i.rt_tsk_create) refers to rtx_conf_cm.o(.rodata.os_maxtaskrun) for os_maxtaskrun
    rt_task.o(i.rt_tsk_delete) refers to hal_cm0.o(.emb_text) for rt_get_PSP
    rt_task.o(i.rt_tsk_delete) refers to rt_system.o(i.rt_stk_check) for rt_stk_check
    rt_task.o(i.rt_tsk_delete) refers to rt_list.o(i.rt_get_first) for rt_get_first
    rt_task.o(i.rt_tsk_delete) refers to hal_cm.o(i.rt_ret_val) for rt_ret_val
    rt_task.o(i.rt_tsk_delete) refers to rt_list.o(i.rt_rmv_dly) for rt_rmv_dly
    rt_task.o(i.rt_tsk_delete) refers to rt_list.o(i.rt_put_prio) for rt_put_prio
    rt_task.o(i.rt_tsk_delete) refers to rt_membox.o(i.rt_free_box) for rt_free_box
    rt_task.o(i.rt_tsk_delete) refers to rt_list.o(i.rt_rmv_list) for rt_rmv_list
    rt_task.o(i.rt_tsk_delete) refers to rt_task.o(i.rt_dispatch) for rt_dispatch
    rt_task.o(i.rt_tsk_delete) refers to rt_task.o(.data) for .data
    rt_task.o(i.rt_tsk_delete) refers to rt_list.o(.bss) for os_rdy
    rt_task.o(i.rt_tsk_delete) refers to rtx_conf_cm.o(.bss.os_active_TCB) for os_active_TCB
    rt_task.o(i.rt_tsk_delete) refers to rtx_conf_cm.o(.bss.mp_stk) for mp_stk
    rt_task.o(i.rt_tsk_delete) refers to rtx_conf_cm.o(.bss.mp_tcb) for mp_tcb
    rt_task.o(i.rt_tsk_delete) refers to rtx_conf_cm.o(.rodata.os_maxtaskrun) for os_maxtaskrun
    rt_task.o(i.rt_tsk_pass) refers to rt_list.o(i.rt_get_same_rdy_prio) for rt_get_same_rdy_prio
    rt_task.o(i.rt_tsk_pass) refers to rt_list.o(i.rt_put_prio) for rt_put_prio
    rt_task.o(i.rt_tsk_pass) refers to rt_task.o(i.rt_switch_req) for rt_switch_req
    rt_task.o(i.rt_tsk_pass) refers to rt_task.o(.data) for .data
    rt_task.o(i.rt_tsk_pass) refers to rt_list.o(.bss) for os_rdy
    rt_task.o(i.rt_tsk_prio) refers to rt_list.o(i.rt_put_prio) for rt_put_prio
    rt_task.o(i.rt_tsk_prio) refers to rt_list.o(i.rt_resort_prio) for rt_resort_prio
    rt_task.o(i.rt_tsk_prio) refers to rt_list.o(i.rt_get_first) for rt_get_first
    rt_task.o(i.rt_tsk_prio) refers to rt_task.o(i.rt_dispatch) for rt_dispatch
    rt_task.o(i.rt_tsk_prio) refers to rt_task.o(.data) for .data
    rt_task.o(i.rt_tsk_prio) refers to rtx_conf_cm.o(.rodata.os_maxtaskrun) for os_maxtaskrun
    rt_task.o(i.rt_tsk_prio) refers to rtx_conf_cm.o(.bss.os_active_TCB) for os_active_TCB
    rt_task.o(i.rt_tsk_prio) refers to rt_list.o(.bss) for os_rdy
    rt_task.o(i.rt_tsk_self) refers to rt_task.o(.data) for .data
    rt_system.o(i.os_tick_init) refers to rtx_conf_cm.o(.rodata.os_trv) for os_trv
    rt_system.o(i.os_tick_val) refers to rtx_conf_cm.o(.rodata.os_trv) for os_trv
    rt_system.o(i.rt_pop_req) refers to rt_list.o(i.rt_put_rdy_first) for rt_put_rdy_first
    rt_system.o(i.rt_pop_req) refers to rt_semaphore.o(i.rt_sem_psh) for rt_sem_psh
    rt_system.o(i.rt_pop_req) refers to rt_list.o(i.rt_get_first) for rt_get_first
    rt_system.o(i.rt_pop_req) refers to rt_task.o(i.rt_switch_req) for rt_switch_req
    rt_system.o(i.rt_pop_req) refers to rt_event.o(i.rt_evt_psh) for rt_evt_psh
    rt_system.o(i.rt_pop_req) refers to rt_mailbox.o(i.rt_mbx_psh) for rt_mbx_psh
    rt_system.o(i.rt_pop_req) refers to rt_task.o(.data) for os_tsk
    rt_system.o(i.rt_pop_req) refers to rtx_conf_cm.o(.bss.os_fifo) for os_fifo
    rt_system.o(i.rt_pop_req) refers to rt_list.o(.bss) for os_rdy
    rt_system.o(i.rt_psh_req) refers to rt_system.o(.data) for .data
    rt_system.o(i.rt_resume) refers to rt_list.o(i.rt_put_rdy_first) for rt_put_rdy_first
    rt_system.o(i.rt_resume) refers to rt_list.o(i.rt_dec_dly) for rt_dec_dly
    rt_system.o(i.rt_resume) refers to rt_cmsis.o(i.sysUserTimerUpdate) for sysUserTimerUpdate
    rt_system.o(i.rt_resume) refers to rt_list.o(i.rt_get_first) for rt_get_first
    rt_system.o(i.rt_resume) refers to rt_task.o(i.rt_switch_req) for rt_switch_req
    rt_system.o(i.rt_resume) refers to rt_system.o(i.rt_tsk_unlock) for rt_tsk_unlock
    rt_system.o(i.rt_resume) refers to rt_task.o(.data) for os_tsk
    rt_system.o(i.rt_resume) refers to rt_robin.o(.data) for os_robin
    rt_system.o(i.rt_resume) refers to rt_list.o(.bss) for os_dly
    rt_system.o(i.rt_resume) refers to rt_time.o(.data) for os_time
    rt_system.o(i.rt_stk_check) refers to rtx_conf_cm.o(.text) for os_error
    rt_system.o(i.rt_stk_check) refers to rt_task.o(.data) for os_tsk
    rt_system.o(i.rt_suspend) refers to rt_system.o(i.rt_tsk_lock) for rt_tsk_lock
    rt_system.o(i.rt_suspend) refers to rt_cmsis.o(i.sysUserTimerWakeupTime) for sysUserTimerWakeupTime
    rt_system.o(i.rt_suspend) refers to rt_list.o(.bss) for os_dly
    rt_system.o(i.rt_systick) refers to rt_list.o(i.rt_put_rdy_first) for rt_put_rdy_first
    rt_system.o(i.rt_systick) refers to rt_robin.o(i.rt_chk_robin) for rt_chk_robin
    rt_system.o(i.rt_systick) refers to rt_list.o(i.rt_dec_dly) for rt_dec_dly
    rt_system.o(i.rt_systick) refers to rt_cmsis.o(i.sysTimerTick) for sysTimerTick
    rt_system.o(i.rt_systick) refers to rt_list.o(i.rt_get_first) for rt_get_first
    rt_system.o(i.rt_systick) refers to rt_task.o(i.rt_switch_req) for rt_switch_req
    rt_system.o(i.rt_systick) refers to rt_task.o(.data) for os_tsk
    rt_system.o(i.rt_systick) refers to rt_time.o(.data) for os_time
    rt_system.o(i.rt_systick) refers to rt_list.o(.bss) for os_rdy
    rt_system.o(i.rt_tsk_lock) refers to rt_system.o(.data) for .data
    rt_system.o(i.rt_tsk_unlock) refers to rt_system.o(.data) for .data
    rt_event.o(i.isr_evt_set) refers to rt_list.o(i.rt_psq_enq) for rt_psq_enq
    rt_event.o(i.isr_evt_set) refers to rt_system.o(i.rt_psh_req) for rt_psh_req
    rt_event.o(i.isr_evt_set) refers to rtx_conf_cm.o(.bss.os_active_TCB) for os_active_TCB
    rt_event.o(i.rt_evt_clr) refers to rtx_conf_cm.o(.bss.os_active_TCB) for os_active_TCB
    rt_event.o(i.rt_evt_get) refers to rt_task.o(.data) for os_tsk
    rt_event.o(i.rt_evt_psh) refers to rt_list.o(i.rt_rmv_dly) for rt_rmv_dly
    rt_event.o(i.rt_evt_psh) refers to hal_cm.o(i.rt_ret_val2) for rt_ret_val2
    rt_event.o(i.rt_evt_psh) refers to rt_list.o(i.rt_put_prio) for rt_put_prio
    rt_event.o(i.rt_evt_psh) refers to rt_list.o(.bss) for os_rdy
    rt_event.o(i.rt_evt_set) refers to rt_list.o(i.rt_rmv_dly) for rt_rmv_dly
    rt_event.o(i.rt_evt_set) refers to hal_cm.o(i.rt_ret_val2) for rt_ret_val2
    rt_event.o(i.rt_evt_set) refers to rt_task.o(i.rt_dispatch) for rt_dispatch
    rt_event.o(i.rt_evt_set) refers to rtx_conf_cm.o(.bss.os_active_TCB) for os_active_TCB
    rt_event.o(i.rt_evt_wait) refers to rt_task.o(i.rt_block) for rt_block
    rt_event.o(i.rt_evt_wait) refers to rt_task.o(.data) for os_tsk
    rt_list.o(i.rt_dec_dly) refers to rt_list.o(i.rt_put_prio) for rt_put_prio
    rt_list.o(i.rt_dec_dly) refers to rt_list.o(.bss) for .bss
    rt_list.o(i.rt_dec_dly) refers to rt_time.o(.data) for os_time
    rt_list.o(i.rt_get_same_rdy_prio) refers to rt_list.o(.bss) for .bss
    rt_list.o(i.rt_get_same_rdy_prio) refers to rt_task.o(.data) for os_tsk
    rt_list.o(i.rt_psq_enq) refers to rtx_conf_cm.o(.text) for os_error
    rt_list.o(i.rt_psq_enq) refers to rtx_conf_cm.o(.bss.os_fifo) for os_fifo
    rt_list.o(i.rt_put_dly) refers to rt_list.o(.bss) for .bss
    rt_list.o(i.rt_put_rdy_first) refers to rt_list.o(.bss) for .bss
    rt_list.o(i.rt_resort_prio) refers to rt_list.o(i.rt_rmv_list) for rt_rmv_list
    rt_list.o(i.rt_resort_prio) refers to rt_list.o(i.rt_put_prio) for rt_put_prio
    rt_list.o(i.rt_resort_prio) refers to rt_list.o(.bss) for .bss
    rt_list.o(i.rt_rmv_list) refers to rt_list.o(.bss) for .bss
    rt_mailbox.o(i.isr_mbx_receive) refers to rt_list.o(i.rt_psq_enq) for rt_psq_enq
    rt_mailbox.o(i.isr_mbx_receive) refers to rt_system.o(i.rt_psh_req) for rt_psh_req
    rt_mailbox.o(i.isr_mbx_send) refers to rt_list.o(i.rt_psq_enq) for rt_psq_enq
    rt_mailbox.o(i.isr_mbx_send) refers to rt_system.o(i.rt_psh_req) for rt_psh_req
    rt_mailbox.o(i.rt_mbx_psh) refers to rt_membox.o(i.rt_alloc_box) for rt_alloc_box
    rt_mailbox.o(i.rt_mbx_psh) refers to rt_list.o(i.rt_get_first) for rt_get_first
    rt_mailbox.o(i.rt_mbx_psh) refers to hal_cm.o(i.rt_ret_val) for rt_ret_val
    rt_mailbox.o(i.rt_mbx_psh) refers to rt_list.o(i.rt_rmv_dly) for rt_rmv_dly
    rt_mailbox.o(i.rt_mbx_psh) refers to rt_list.o(i.rt_put_prio) for rt_put_prio
    rt_mailbox.o(i.rt_mbx_psh) refers to hal_cm.o(i.rt_ret_val2) for rt_ret_val2
    rt_mailbox.o(i.rt_mbx_psh) refers to rtx_conf_cm.o(.text) for os_error
    rt_mailbox.o(i.rt_mbx_psh) refers to rt_list.o(.bss) for os_rdy
    rt_mailbox.o(i.rt_mbx_send) refers to rt_list.o(i.rt_put_prio) for rt_put_prio
    rt_mailbox.o(i.rt_mbx_send) refers to rt_list.o(i.rt_get_first) for rt_get_first
    rt_mailbox.o(i.rt_mbx_send) refers to hal_cm.o(i.rt_ret_val2) for rt_ret_val2
    rt_mailbox.o(i.rt_mbx_send) refers to rt_list.o(i.rt_rmv_dly) for rt_rmv_dly
    rt_mailbox.o(i.rt_mbx_send) refers to rt_task.o(i.rt_dispatch) for rt_dispatch
    rt_mailbox.o(i.rt_mbx_send) refers to rt_task.o(i.rt_block) for rt_block
    rt_mailbox.o(i.rt_mbx_send) refers to rt_task.o(.data) for os_tsk
    rt_mailbox.o(i.rt_mbx_wait) refers to rt_list.o(i.rt_get_first) for rt_get_first
    rt_mailbox.o(i.rt_mbx_wait) refers to hal_cm.o(i.rt_ret_val) for rt_ret_val
    rt_mailbox.o(i.rt_mbx_wait) refers to rt_list.o(i.rt_rmv_dly) for rt_rmv_dly
    rt_mailbox.o(i.rt_mbx_wait) refers to rt_task.o(i.rt_dispatch) for rt_dispatch
    rt_mailbox.o(i.rt_mbx_wait) refers to rt_list.o(i.rt_put_prio) for rt_put_prio
    rt_mailbox.o(i.rt_mbx_wait) refers to rt_task.o(i.rt_block) for rt_block
    rt_mailbox.o(i.rt_mbx_wait) refers to rt_task.o(.data) for os_tsk
    rt_semaphore.o(i.isr_sem_send) refers to rt_list.o(i.rt_psq_enq) for rt_psq_enq
    rt_semaphore.o(i.isr_sem_send) refers to rt_system.o(i.rt_psh_req) for rt_psh_req
    rt_semaphore.o(i.rt_sem_delete) refers to rt_list.o(i.rt_get_first) for rt_get_first
    rt_semaphore.o(i.rt_sem_delete) refers to hal_cm.o(i.rt_ret_val) for rt_ret_val
    rt_semaphore.o(i.rt_sem_delete) refers to rt_list.o(i.rt_rmv_dly) for rt_rmv_dly
    rt_semaphore.o(i.rt_sem_delete) refers to rt_list.o(i.rt_put_prio) for rt_put_prio
    rt_semaphore.o(i.rt_sem_delete) refers to rt_task.o(i.rt_dispatch) for rt_dispatch
    rt_semaphore.o(i.rt_sem_delete) refers to rt_list.o(.bss) for os_rdy
    rt_semaphore.o(i.rt_sem_delete) refers to rt_task.o(.data) for os_tsk
    rt_semaphore.o(i.rt_sem_psh) refers to rt_list.o(i.rt_get_first) for rt_get_first
    rt_semaphore.o(i.rt_sem_psh) refers to rt_list.o(i.rt_rmv_dly) for rt_rmv_dly
    rt_semaphore.o(i.rt_sem_psh) refers to hal_cm.o(i.rt_ret_val) for rt_ret_val
    rt_semaphore.o(i.rt_sem_psh) refers to rt_list.o(i.rt_put_prio) for rt_put_prio
    rt_semaphore.o(i.rt_sem_psh) refers to rt_list.o(.bss) for os_rdy
    rt_semaphore.o(i.rt_sem_send) refers to rt_list.o(i.rt_get_first) for rt_get_first
    rt_semaphore.o(i.rt_sem_send) refers to hal_cm.o(i.rt_ret_val) for rt_ret_val
    rt_semaphore.o(i.rt_sem_send) refers to rt_list.o(i.rt_rmv_dly) for rt_rmv_dly
    rt_semaphore.o(i.rt_sem_send) refers to rt_task.o(i.rt_dispatch) for rt_dispatch
    rt_semaphore.o(i.rt_sem_wait) refers to rt_list.o(i.rt_put_prio) for rt_put_prio
    rt_semaphore.o(i.rt_sem_wait) refers to rt_task.o(i.rt_block) for rt_block
    rt_semaphore.o(i.rt_sem_wait) refers to rt_task.o(.data) for os_tsk
    rt_time.o(i.rt_dly_wait) refers to rt_task.o(i.rt_block) for rt_block
    rt_time.o(i.rt_itv_set) refers to rt_task.o(.data) for os_tsk
    rt_time.o(i.rt_itv_set) refers to rt_time.o(.data) for .data
    rt_time.o(i.rt_itv_wait) refers to rt_task.o(i.rt_block) for rt_block
    rt_time.o(i.rt_itv_wait) refers to rt_task.o(.data) for os_tsk
    rt_time.o(i.rt_itv_wait) refers to rt_time.o(.data) for .data
    rt_time.o(i.rt_time_get) refers to rt_time.o(.data) for .data
    rt_mutex.o(i.rt_mut_delete) refers to rt_list.o(i.rt_resort_prio) for rt_resort_prio
    rt_mutex.o(i.rt_mut_delete) refers to rt_list.o(i.rt_get_first) for rt_get_first
    rt_mutex.o(i.rt_mut_delete) refers to hal_cm.o(i.rt_ret_val) for rt_ret_val
    rt_mutex.o(i.rt_mut_delete) refers to rt_list.o(i.rt_rmv_dly) for rt_rmv_dly
    rt_mutex.o(i.rt_mut_delete) refers to rt_list.o(i.rt_put_prio) for rt_put_prio
    rt_mutex.o(i.rt_mut_delete) refers to rt_task.o(i.rt_dispatch) for rt_dispatch
    rt_mutex.o(i.rt_mut_delete) refers to rt_task.o(.data) for os_tsk
    rt_mutex.o(i.rt_mut_delete) refers to rt_list.o(.bss) for os_rdy
    rt_mutex.o(i.rt_mut_release) refers to rt_list.o(i.rt_get_first) for rt_get_first
    rt_mutex.o(i.rt_mut_release) refers to hal_cm.o(i.rt_ret_val) for rt_ret_val
    rt_mutex.o(i.rt_mut_release) refers to rt_list.o(i.rt_rmv_dly) for rt_rmv_dly
    rt_mutex.o(i.rt_mut_release) refers to rt_list.o(i.rt_put_prio) for rt_put_prio
    rt_mutex.o(i.rt_mut_release) refers to rt_task.o(i.rt_dispatch) for rt_dispatch
    rt_mutex.o(i.rt_mut_release) refers to rt_task.o(.data) for os_tsk
    rt_mutex.o(i.rt_mut_release) refers to rt_list.o(.bss) for os_rdy
    rt_mutex.o(i.rt_mut_wait) refers to rt_list.o(i.rt_resort_prio) for rt_resort_prio
    rt_mutex.o(i.rt_mut_wait) refers to rt_list.o(i.rt_put_prio) for rt_put_prio
    rt_mutex.o(i.rt_mut_wait) refers to rt_task.o(i.rt_block) for rt_block
    rt_mutex.o(i.rt_mut_wait) refers to rt_task.o(.data) for os_tsk
    rt_membox.o(i._calloc_box) refers to hal_cm0.o(.emb_text) for _alloc_box
    hal_cm.o(i.rt_init_stack) refers to rtx_conf_cm.o(.rodata.os_stackinfo) for os_stackinfo
    rt_robin.o(i.rt_chk_robin) refers to rt_list.o(i.rt_get_first) for rt_get_first
    rt_robin.o(i.rt_chk_robin) refers to rt_list.o(i.rt_put_prio) for rt_put_prio
    rt_robin.o(i.rt_chk_robin) refers to rt_robin.o(.data) for .data
    rt_robin.o(i.rt_chk_robin) refers to rt_list.o(.bss) for os_rdy
    rt_robin.o(i.rt_chk_robin) refers to rt_time.o(.data) for os_time
    rt_robin.o(i.rt_init_robin) refers to rt_robin.o(.data) for .data
    rt_robin.o(i.rt_init_robin) refers to rtx_conf_cm.o(.rodata.os_rrobin) for os_rrobin
    hal_cm0.o(.emb_text) refers to rtx_conf_cm.o(.rodata.os_flags) for os_flags
    hal_cm0.o(.emb_text) refers to rt_membox.o(i.rt_alloc_box) for rt_alloc_box
    hal_cm0.o(.emb_text) refers to rt_membox.o(i.rt_free_box) for rt_free_box
    hal_cm0.o(.emb_text) refers to rt_system.o(i.rt_stk_check) for rt_stk_check
    hal_cm0.o(.emb_text) refers to rt_task.o(.data) for os_tsk
    hal_cm0.o(.emb_text) refers to svc_table.o(SVC_TABLE) for SVC_Count
    hal_cm0.o(.emb_text) refers to rt_system.o(i.rt_pop_req) for rt_pop_req
    hal_cm0.o(.emb_text) refers to rt_system.o(i.rt_systick) for rt_systick
    hal_cm0.o(.emb_text) refers to rt_system.o(i.os_tick_irqack) for os_tick_irqack
    entry.o(.ARM.Collect$$$$00000000) refers (Special) to entry10a.o(.ARM.Collect$$$$0000000D) for __rt_final_cpp
    entry.o(.ARM.Collect$$$$00000000) refers (Special) to entry11a.o(.ARM.Collect$$$$0000000F) for __rt_final_exit
    entry.o(.ARM.Collect$$$$00000000) refers (Special) to entry7b.o(.ARM.Collect$$$$00000008) for _main_clock
    entry.o(.ARM.Collect$$$$00000000) refers (Special) to entry8b.o(.ARM.Collect$$$$0000000A) for _main_cpp_init
    entry.o(.ARM.Collect$$$$00000000) refers (Special) to rtx_conf_cm.o(.ARM.Collect$$$$000000FF) for _main_init
    entry.o(.ARM.Collect$$$$00000000) refers (Special) to entry5.o(.ARM.Collect$$$$00000004) for _main_scatterload
    entry.o(.ARM.Collect$$$$00000000) refers (Special) to entry2.o(.ARM.Collect$$$$00000001) for _main_stk
    uldiv.o(.text) refers to llushr.o(.text) for __aeabi_llsr
    uldiv.o(.text) refers to llshl.o(.text) for __aeabi_llsl
    entry2.o(.ARM.Collect$$$$00000001) refers to entry2.o(.ARM.Collect$$$$00002712) for __lit__00000000
    entry2.o(.ARM.Collect$$$$00002712) refers to startup_mkl25z4.o(STACK) for __initial_sp
    entry2.o(__vectab_stack_and_reset_area) refers to startup_mkl25z4.o(STACK) for __initial_sp
    entry2.o(__vectab_stack_and_reset_area) refers to entry.o(.ARM.Collect$$$$00000000) for __main
    entry5.o(.ARM.Collect$$$$00000004) refers to init.o(.text) for __scatterload
    idiv_div0.o(.text) refers to uidiv_div0.o(.text) for __aeabi_uidivmod
    init.o(.text) refers to entry5.o(.ARM.Collect$$$$00000004) for __main_after_scatterload


==============================================================================

Removing Unused input sections from the image.

    Removing blinky.o(.ARM.exidx), (24 bytes).
    Removing blinky.o(.ARM.use_no_argv), (4 bytes).
    Removing led_frdm-kl25z.o(.ARM.exidx), (48 bytes).
    Removing rtx_conf_cm.o(.ARM.exidx), (40 bytes).
    Removing rtx_conf_cm.o(.ARM.exidx.ARM.Collect$$$$000000FF), (8 bytes).
    Removing rtx_conf_cm.o(.rodata.os_tickfreq), (4 bytes).
    Removing rtx_conf_cm.o(.rodata.os_tickus_i), (2 bytes).
    Removing rtx_conf_cm.o(.rodata.os_tickus_f), (2 bytes).
    Removing rtx_conf_cm.o(.bss.os_tmr), (4 bytes).
    Removing startup_mkl25z4.o(HEAP), (0 bytes).
    Removing system_mkl25z4.o(.ARM.exidx), (16 bytes).
    Removing rt_cmsis.o(.rev16_text), (4 bytes).
    Removing rt_cmsis.o(.revsh_text), (4 bytes).
    Removing rt_cmsis.o(i.isrSemaphoreRelease), (44 bytes).
    Removing rt_cmsis.o(i.osKernelRunning), (40 bytes).
    Removing rt_cmsis.o(i.osKernelSysTick), (28 bytes).
    Removing rt_cmsis.o(i.osMailAlloc), (32 bytes).
    Removing rt_cmsis.o(i.osMailCAlloc), (52 bytes).
    Removing rt_cmsis.o(i.osMailCreate), (52 bytes).
    Removing rt_cmsis.o(i.osMailFree), (32 bytes).
    Removing rt_cmsis.o(i.osMailPut), (28 bytes).
    Removing rt_cmsis.o(i.osMessageCreate), (52 bytes).
    Removing rt_cmsis.o(i.osMessagePut), (28 bytes).
    Removing rt_cmsis.o(i.osMutexCreate), (52 bytes).
    Removing rt_cmsis.o(i.osMutexDelete), (28 bytes).
    Removing rt_cmsis.o(i.osMutexRelease), (28 bytes).
    Removing rt_cmsis.o(i.osMutexWait), (28 bytes).
    Removing rt_cmsis.o(i.osPoolAlloc), (36 bytes).
    Removing rt_cmsis.o(i.osPoolCAlloc), (56 bytes).
    Removing rt_cmsis.o(i.osPoolCreate), (52 bytes).
    Removing rt_cmsis.o(i.osPoolFree), (36 bytes).
    Removing rt_cmsis.o(i.osSemaphoreCreate), (52 bytes).
    Removing rt_cmsis.o(i.osSemaphoreDelete), (28 bytes).
    Removing rt_cmsis.o(i.osSemaphoreRelease), (28 bytes).
    Removing rt_cmsis.o(i.osSemaphoreWait), (28 bytes).
    Removing rt_cmsis.o(i.osSignalClear), (28 bytes).
    Removing rt_cmsis.o(i.osThreadGetId), (28 bytes).
    Removing rt_cmsis.o(i.osThreadGetPriority), (28 bytes).
    Removing rt_cmsis.o(i.osThreadSetPriority), (28 bytes).
    Removing rt_cmsis.o(i.osThreadTerminate), (28 bytes).
    Removing rt_cmsis.o(i.osTimerCreate), (52 bytes).
    Removing rt_cmsis.o(i.osTimerDelete), (28 bytes).
    Removing rt_cmsis.o(i.osTimerStart), (28 bytes).
    Removing rt_cmsis.o(i.osTimerStop), (28 bytes).
    Removing rt_cmsis.o(i.osWait), (4 bytes).
    Removing rt_cmsis.o(i.os_resume), (16 bytes).
    Removing rt_cmsis.o(i.os_suspend), (16 bytes).
    Removing rt_cmsis.o(i.rt_clr_box), (26 bytes).
    Removing rt_cmsis.o(i.rt_timer_remove), (68 bytes).
    Removing rt_cmsis.o(i.svcKernelRunning), (12 bytes).
    Removing rt_cmsis.o(i.svcKernelSysTick), (56 bytes).
    Removing rt_cmsis.o(i.svcMailCreate), (78 bytes).
    Removing rt_cmsis.o(i.svcMessagePut), (56 bytes).
    Removing rt_cmsis.o(i.svcMutexCreate), (32 bytes).
    Removing rt_cmsis.o(i.svcMutexDelete), (28 bytes).
    Removing rt_cmsis.o(i.svcMutexRelease), (36 bytes).
    Removing rt_cmsis.o(i.svcMutexWait), (60 bytes).
    Removing rt_cmsis.o(i.svcPoolCreate), (46 bytes).
    Removing rt_cmsis.o(i.svcSemaphoreCreate), (44 bytes).
    Removing rt_cmsis.o(i.svcSemaphoreDelete), (28 bytes).
    Removing rt_cmsis.o(i.svcSemaphoreRelease), (44 bytes).
    Removing rt_cmsis.o(i.svcSemaphoreWait), (52 bytes).
    Removing rt_cmsis.o(i.svcSignalClear), (38 bytes).
    Removing rt_cmsis.o(i.svcThreadGetPriority), (20 bytes).
    Removing rt_cmsis.o(i.svcThreadSetPriority), (48 bytes).
    Removing rt_cmsis.o(i.svcTimerCreate), (64 bytes).
    Removing rt_cmsis.o(i.svcTimerDelete), (40 bytes).
    Removing rt_cmsis.o(i.svcTimerStart), (108 bytes).
    Removing rt_cmsis.o(i.svcTimerStop), (38 bytes).
    Removing rt_cmsis.o(i.sysMailAlloc), (100 bytes).
    Removing rt_cmsis.o(i.sysMailFree), (106 bytes).
    Removing rt_cmsis.o(i.sysPoolAlloc), (12 bytes).
    Removing rt_cmsis.o(i.sysPoolFree), (22 bytes).
    Removing rt_cmsis.o(i.sysUserTimerUpdate), (48 bytes).
    Removing rt_cmsis.o(i.sysUserTimerWakeupTime), (24 bytes).
    Removing rt_system.o(.emb_text), (0 bytes).
    Removing rt_system.o(i.os_tick_ovf), (16 bytes).
    Removing rt_system.o(i.os_tick_val), (20 bytes).
    Removing rt_system.o(i.rt_resume), (136 bytes).
    Removing rt_system.o(i.rt_suspend), (40 bytes).
    Removing rt_system.o(i.rt_tsk_lock), (84 bytes).
    Removing rt_system.o(i.rt_tsk_unlock), (84 bytes).
    Removing rt_event.o(i.rt_evt_clr), (28 bytes).
    Removing rt_event.o(i.rt_evt_get), (12 bytes).
    Removing rt_mailbox.o(i.rt_mbx_send), (148 bytes).
    Removing rt_semaphore.o(i.isr_sem_send), (14 bytes).
    Removing rt_semaphore.o(i.rt_sem_delete), (96 bytes).
    Removing rt_semaphore.o(i.rt_sem_init), (12 bytes).
    Removing rt_semaphore.o(i.rt_sem_send), (44 bytes).
    Removing rt_semaphore.o(i.rt_sem_wait), (68 bytes).
    Removing rt_time.o(i.rt_itv_set), (24 bytes).
    Removing rt_time.o(i.rt_itv_wait), (44 bytes).
    Removing rt_time.o(i.rt_time_get), (12 bytes).
    Removing rt_mutex.o(i.rt_mut_delete), (180 bytes).
    Removing rt_mutex.o(i.rt_mut_init), (16 bytes).
    Removing rt_mutex.o(i.rt_mut_release), (216 bytes).
    Removing rt_mutex.o(i.rt_mut_wait), (128 bytes).
    Removing rt_membox.o(i._calloc_box), (32 bytes).
    Removing rt_cmsis.o(i.__ARM_common_ll_muluu), (48 bytes).

99 unused section(s) (total 4148 bytes) removed from the image.

==============================================================================

Image Symbol Table

    Local Symbols

    Symbol Name                              Value     Ov Type        Size  Object(Section)

    ../clib/division.s                       0x00000000   Number         0  aeabi_sdivfast.o ABSOLUTE
    ../clib/division.s                       0x00000000   Number         0  aeabi_sdivfast_div0.o ABSOLUTE
    ../clib/microlib/division.c              0x00000000   Number         0  uidiv.o ABSOLUTE
    ../clib/microlib/division.c              0x00000000   Number         0  uldiv.o ABSOLUTE
    ../clib/microlib/division.c              0x00000000   Number         0  uidiv_div0.o ABSOLUTE
    ../clib/microlib/division.c              0x00000000   Number         0  idiv_div0.o ABSOLUTE
    ../clib/microlib/division.c              0x00000000   Number         0  idiv0.o ABSOLUTE
    ../clib/microlib/init/entry.s            0x00000000   Number         0  entry.o ABSOLUTE
    ../clib/microlib/init/entry.s            0x00000000   Number         0  entry2.o ABSOLUTE
    ../clib/microlib/init/entry.s            0x00000000   Number         0  entry5.o ABSOLUTE
    ../clib/microlib/init/entry.s            0x00000000   Number         0  entry7a.o ABSOLUTE
    ../clib/microlib/init/entry.s            0x00000000   Number         0  entry7b.o ABSOLUTE
    ../clib/microlib/init/entry.s            0x00000000   Number         0  entry8a.o ABSOLUTE
    ../clib/microlib/init/entry.s            0x00000000   Number         0  entry8b.o ABSOLUTE
    ../clib/microlib/init/entry.s            0x00000000   Number         0  entry10a.o ABSOLUTE
    ../clib/microlib/init/entry.s            0x00000000   Number         0  entry10b.o ABSOLUTE
    ../clib/microlib/init/entry.s            0x00000000   Number         0  entry11a.o ABSOLUTE
    ../clib/microlib/init/entry.s            0x00000000   Number         0  entry11b.o ABSOLUTE
    ../clib/microlib/longlong.c              0x00000000   Number         0  llshl.o ABSOLUTE
    ../clib/microlib/longlong.c              0x00000000   Number         0  llushr.o ABSOLUTE
    ..\HAL_CM.c                              0x00000000   Number         0  hal_cm.o ABSOLUTE
    ..\\rt_CMSIS.c                           0x00000000   Number         0  rt_cmsis.o ABSOLUTE
    ..\\rt_System.c                          0x00000000   Number         0  rt_system.o ABSOLUTE
    ..\rt_CMSIS.c                            0x00000000   Number         0  rt_cmsis.o ABSOLUTE
    ..\rt_Event.c                            0x00000000   Number         0  rt_event.o ABSOLUTE
    ..\rt_List.c                             0x00000000   Number         0  rt_list.o ABSOLUTE
    ..\rt_Mailbox.c                          0x00000000   Number         0  rt_mailbox.o ABSOLUTE
    ..\rt_MemBox.c                           0x00000000   Number         0  rt_membox.o ABSOLUTE
    ..\rt_Memory.c                           0x00000000   Number         0  rt_memory.o ABSOLUTE
    ..\rt_Mutex.c                            0x00000000   Number         0  rt_mutex.o ABSOLUTE
    ..\rt_Robin.c                            0x00000000   Number         0  rt_robin.o ABSOLUTE
    ..\rt_Semaphore.c                        0x00000000   Number         0  rt_semaphore.o ABSOLUTE
    ..\rt_System.c                           0x00000000   Number         0  rt_system.o ABSOLUTE
    ..\rt_Task.c                             0x00000000   Number         0  rt_task.o ABSOLUTE
    ..\rt_Time.c                             0x00000000   Number         0  rt_time.o ABSOLUTE
    Blinky.c                                 0x00000000   Number         0  blinky.o ABSOLUTE
    HAL_CM0.c                                0x00000000   Number         0  hal_cm0.o ABSOLUTE
    HAL_CM0.c                                0x00000000   Number         0  hal_cm0.o ABSOLUTE
    LED_FRDM-KL25Z.c                         0x00000000   Number         0  led_frdm-kl25z.o ABSOLUTE
    RTE/Device/MKL25Z128xxx4/startup_MKL25Z4.s 0x00000000   Number         0  startup_mkl25z4.o ABSOLUTE
    RTX_Conf_CM.c                            0x00000000   Number         0  rtx_conf_cm.o ABSOLUTE
    SVC_Table.s                              0x00000000   Number         0  svc_table.o ABSOLUTE
    dc.s                                     0x00000000   Number         0  dc.o ABSOLUTE
    handlers.s                               0x00000000   Number         0  handlers.o ABSOLUTE
    init.s                                   0x00000000   Number         0  init.o ABSOLUTE
    system_MKL25Z4.c                         0x00000000   Number         0  system_mkl25z4.o ABSOLUTE
    RESET                                    0x00000000   Section      192  startup_mkl25z4.o(RESET)
    .ARM.Collect$$$$00000000                 0x000000c0   Section        0  entry.o(.ARM.Collect$$$$00000000)
    .ARM.Collect$$$$00000001                 0x000000c0   Section        4  entry2.o(.ARM.Collect$$$$00000001)
    .ARM.Collect$$$$00000004                 0x000000c4   Section        4  entry5.o(.ARM.Collect$$$$00000004)
    [Anonymous Symbol]                       0x000000c8   Section        0  rtx_conf_cm.o(.ARM.Collect$$$$000000FF)
    .ARM.Collect$$$$00000008                 0x000000c8   Section        0  entry7b.o(.ARM.Collect$$$$00000008)
    .ARM.Collect$$$$0000000A                 0x000000c8   Section        0  entry8b.o(.ARM.Collect$$$$0000000A)
    .ARM.Collect$$$$0000000D                 0x000000c8   Section        0  entry10a.o(.ARM.Collect$$$$0000000D)
    .ARM.Collect$$$$0000000F                 0x000000c8   Section        0  entry11a.o(.ARM.Collect$$$$0000000F)
    __arm_cp.5_0                             0x000000dc   Number         4  rtx_conf_cm.o(.ARM.Collect$$$$000000FF)
    __lit__00000000                          0x000000e0   Data           4  entry2.o(.ARM.Collect$$$$00002712)
    .ARM.Collect$$$$00002712                 0x000000e0   Section        4  entry2.o(.ARM.Collect$$$$00002712)
    .emb_text                                0x000000e4   Section      356  hal_cm0.o(.emb_text)
    [Anonymous Symbol]                       0x00000248   Section        0  blinky.o(.text)
    __arm_cp.1_0                             0x000002a4   Number         4  blinky.o(.text)
    __arm_cp.1_1                             0x000002a8   Number         4  blinky.o(.text)
    __arm_cp.2_0                             0x000002dc   Number         4  blinky.o(.text)
    __arm_cp.2_1                             0x000002e0   Number         4  blinky.o(.text)
    [Anonymous Symbol]                       0x000002e4   Section        0  led_frdm-kl25z.o(.text)
    __arm_cp.0_0                             0x00000338   Number         4  led_frdm-kl25z.o(.text)
    __arm_cp.0_1                             0x0000033c   Number         4  led_frdm-kl25z.o(.text)
    __arm_cp.0_2                             0x00000340   Number         4  led_frdm-kl25z.o(.text)
    __arm_cp.0_3                             0x00000344   Number         4  led_frdm-kl25z.o(.text)
    __arm_cp.2_0                             0x00000364   Number         4  led_frdm-kl25z.o(.text)
    __arm_cp.2_1                             0x00000368   Number         4  led_frdm-kl25z.o(.text)
    __arm_cp.3_0                             0x00000384   Number         4  led_frdm-kl25z.o(.text)
    __arm_cp.3_1                             0x00000388   Number         4  led_frdm-kl25z.o(.text)
    __arm_cp.4_0                             0x000003b8   Number         4  led_frdm-kl25z.o(.text)
    __arm_cp.4_1                             0x000003bc   Number         4  led_frdm-kl25z.o(.text)
    [Anonymous Symbol]                       0x000003c4   Section        0  rtx_conf_cm.o(.text)
    SVC_TABLE                                0x000003f8   Section        4  svc_table.o(SVC_TABLE)
    i.__scatterload_null                     0x000003fc   Section        2  handlers.o(i.__scatterload_null)
    i.os_tick_irqack                         0x000003fe   Section        0  rt_system.o(i.os_tick_irqack)
    .ARM.__at_0x400                          0x00000400   Section       16  startup_mkl25z4.o(.ARM.__at_0x400)
    .text                                    0x00000410   Section       40  startup_mkl25z4.o(.text)
    [Anonymous Symbol]                       0x00000438   Section        0  system_mkl25z4.o(.text)
    __arm_cp.0_0                             0x00000440   Number         4  system_mkl25z4.o(.text)
    __arm_cp.1_0                             0x00000534   Number         4  system_mkl25z4.o(.text)
    __arm_cp.1_1                             0x00000538   Number         4  system_mkl25z4.o(.text)
    __arm_cp.1_2                             0x0000053c   Number         4  system_mkl25z4.o(.text)
    __arm_cp.1_3                             0x00000540   Number         4  system_mkl25z4.o(.text)
    __arm_cp.1_4                             0x00000544   Number         4  system_mkl25z4.o(.text)
    __arm_cp.1_5                             0x00000548   Number         4  system_mkl25z4.o(.text)
    __arm_cp.1_6                             0x0000054c   Number         4  system_mkl25z4.o(.text)
    .text                                    0x00000550   Section        0  uidiv_div0.o(.text)
    .text                                    0x00000590   Section       48  init.o(.text)
    i.__scatterload_copy                     0x000005c0   Section       14  handlers.o(i.__scatterload_copy)
    i.__scatterload_zeroinit                 0x000005ce   Section       14  handlers.o(i.__scatterload_zeroinit)
    i._init_box                              0x000005dc   Section        0  rt_membox.o(i._init_box)
    i.isrMessageGet                          0x00000624   Section        0  rt_cmsis.o(i.isrMessageGet)
    i.isrMessagePut                          0x00000652   Section        0  rt_cmsis.o(i.isrMessagePut)
    i.isrSignalSet                           0x00000682   Section        0  rt_cmsis.o(i.isrSignalSet)
    i.isr_evt_set                            0x000006a8   Section        0  rt_event.o(i.isr_evt_set)
    i.isr_mbx_receive                        0x000006cc   Section        0  rt_mailbox.o(i.isr_mbx_receive)
    i.isr_mbx_send                           0x00000718   Section        0  rt_mailbox.o(i.isr_mbx_send)
    i.osDelay                                0x00000724   Section        0  rt_cmsis.o(i.osDelay)
    i.osKernelInitialize                     0x00000740   Section        0  rt_cmsis.o(i.osKernelInitialize)
    i.osKernelStart                          0x00000768   Section        0  rt_cmsis.o(i.osKernelStart)
    i.osMailGet                              0x000007d4   Section        0  rt_cmsis.o(i.osMailGet)
    i.osMessageGet                           0x000007ec   Section        0  rt_cmsis.o(i.osMessageGet)
    i.osSignalSet                            0x00000808   Section        0  rt_cmsis.o(i.osSignalSet)
    i.osSignalWait                           0x00000824   Section        0  rt_cmsis.o(i.osSignalWait)
    i.osThreadCreate                         0x00000840   Section        0  rt_cmsis.o(i.osThreadCreate)
    i.osThreadExit                           0x00000874   Section        0  rt_cmsis.o(i.osThreadExit)
    i.osThreadYield                          0x0000088c   Section        0  rt_cmsis.o(i.osThreadYield)
    i.osTimerCall                            0x000008a8   Section        0  rt_cmsis.o(i.osTimerCall)
    i.osTimerThread                          0x000008b8   Section        0  rt_cmsis.o(i.osTimerThread)
    i.os_tick_init                           0x000008e4   Section        0  rt_system.o(i.os_tick_init)
    i.rt_alloc_box                           0x00000910   Section        0  rt_membox.o(i.rt_alloc_box)
    i.rt_alloc_mem                           0x0000092e   Section        0  rt_memory.o(i.rt_alloc_mem)
    i.rt_block                               0x00000970   Section        0  rt_task.o(i.rt_block)
    i.rt_chk_robin                           0x000009a8   Section        0  rt_robin.o(i.rt_chk_robin)
    i.rt_dec_dly                             0x000009ec   Section        0  rt_list.o(i.rt_dec_dly)
    i.rt_dispatch                            0x00000a60   Section        0  rt_task.o(i.rt_dispatch)
    i.rt_dly_wait                            0x00000aa0   Section        0  rt_time.o(i.rt_dly_wait)
    i.rt_evt_psh                             0x00000aac   Section        0  rt_event.o(i.rt_evt_psh)
    i.rt_evt_set                             0x00000afc   Section        0  rt_event.o(i.rt_evt_set)
    i.rt_evt_wait                            0x00000b58   Section        0  rt_event.o(i.rt_evt_wait)
    i.rt_free_box                            0x00000b98   Section        0  rt_membox.o(i.rt_free_box)
    i.rt_free_mem                            0x00000bbe   Section        0  rt_memory.o(i.rt_free_mem)
    i.rt_get_first                           0x00000bee   Section        0  rt_list.o(i.rt_get_first)
    i.rt_get_same_rdy_prio                   0x00000c18   Section        0  rt_list.o(i.rt_get_same_rdy_prio)
    rt_id2obj                                0x00000c3d   Thumb Code     8  rt_cmsis.o(i.rt_id2obj)
    i.rt_id2obj                              0x00000c3c   Section        0  rt_cmsis.o(i.rt_id2obj)
    rt_init_context                          0x00000c45   Thumb Code    66  rt_task.o(i.rt_init_context)
    i.rt_init_context                        0x00000c44   Section        0  rt_task.o(i.rt_init_context)
    i.rt_init_mem                            0x00000c8c   Section        0  rt_memory.o(i.rt_init_mem)
    i.rt_init_robin                          0x00000ca8   Section        0  rt_robin.o(i.rt_init_robin)
    i.rt_init_stack                          0x00000cc0   Section        0  hal_cm.o(i.rt_init_stack)
    i.rt_mbx_check                           0x00000d38   Section        0  rt_mailbox.o(i.rt_mbx_check)
    i.rt_mbx_init                            0x00000d40   Section        0  rt_mailbox.o(i.rt_mbx_init)
    i.rt_mbx_psh                             0x00000d64   Section        0  rt_mailbox.o(i.rt_mbx_psh)
    i.rt_mbx_wait                            0x00000e34   Section        0  rt_mailbox.o(i.rt_mbx_wait)
    rt_ms2tick                               0x00000ee5   Thumb Code    56  rt_cmsis.o(i.rt_ms2tick)
    i.rt_ms2tick                             0x00000ee4   Section        0  rt_cmsis.o(i.rt_ms2tick)
    i.rt_pop_req                             0x00000f28   Section        0  rt_system.o(i.rt_pop_req)
    i.rt_psh_req                             0x00000f98   Section        0  rt_system.o(i.rt_psh_req)
    i.rt_psq_enq                             0x00000fb8   Section        0  rt_list.o(i.rt_psq_enq)
    i.rt_put_dly                             0x00000ff8   Section        0  rt_list.o(i.rt_put_dly)
    i.rt_put_prio                            0x00001048   Section        0  rt_list.o(i.rt_put_prio)
    i.rt_put_rdy_first                       0x00001084   Section        0  rt_list.o(i.rt_put_rdy_first)
    i.rt_resort_prio                         0x00001098   Section        0  rt_list.o(i.rt_resort_prio)
    i.rt_ret_val                             0x000010c8   Section        0  hal_cm.o(i.rt_ret_val)
    i.rt_ret_val2                            0x000010ce   Section        0  hal_cm.o(i.rt_ret_val2)
    i.rt_rmv_dly                             0x000010d6   Section        0  rt_list.o(i.rt_rmv_dly)
    i.rt_rmv_list                            0x00001100   Section        0  rt_list.o(i.rt_rmv_list)
    i.rt_sem_psh                             0x00001134   Section        0  rt_semaphore.o(i.rt_sem_psh)
    i.rt_stk_check                           0x00001168   Section        0  rt_system.o(i.rt_stk_check)
    i.rt_switch_req                          0x00001190   Section        0  rt_task.o(i.rt_switch_req)
    i.rt_sys_init                            0x000011a0   Section        0  rt_task.o(i.rt_sys_init)
    i.rt_sys_start                           0x00001268   Section        0  rt_task.o(i.rt_sys_start)
    i.rt_systick                             0x000012cc   Section        0  rt_system.o(i.rt_systick)
    rt_tid2ptcb                              0x00001309   Thumb Code    18  rt_cmsis.o(i.rt_tid2ptcb)
    i.rt_tid2ptcb                            0x00001308   Section        0  rt_cmsis.o(i.rt_tid2ptcb)
    rt_timer_insert                          0x0000131d   Thumb Code    52  rt_cmsis.o(i.rt_timer_insert)
    i.rt_timer_insert                        0x0000131c   Section        0  rt_cmsis.o(i.rt_timer_insert)
    i.rt_tsk_create                          0x00001354   Section        0  rt_task.o(i.rt_tsk_create)
    i.rt_tsk_delete                          0x000013cc   Section        0  rt_task.o(i.rt_tsk_delete)
    i.rt_tsk_pass                            0x00001524   Section        0  rt_task.o(i.rt_tsk_pass)
    i.rt_tsk_prio                            0x00001550   Section        0  rt_task.o(i.rt_tsk_prio)
    i.rt_tsk_self                            0x000015d0   Section        0  rt_task.o(i.rt_tsk_self)
    i.svcDelay                               0x000015e0   Section        0  rt_cmsis.o(i.svcDelay)
    i.svcKernelInitialize                    0x000015f4   Section        0  rt_cmsis.o(i.svcKernelInitialize)
    i.svcKernelStart                         0x0000166c   Section        0  rt_cmsis.o(i.svcKernelStart)
    i.svcMessageCreate                       0x000016b8   Section        0  rt_cmsis.o(i.svcMessageCreate)
    i.svcMessageGet                          0x000016e2   Section        0  rt_cmsis.o(i.svcMessageGet)
    i.svcSignalSet                           0x0000171e   Section        0  rt_cmsis.o(i.svcSignalSet)
    i.svcSignalWait                          0x00001744   Section        0  rt_cmsis.o(i.svcSignalWait)
    i.svcThreadCreate                        0x000017a0   Section        0  rt_cmsis.o(i.svcThreadCreate)
    i.svcThreadGetId                         0x00001814   Section        0  rt_cmsis.o(i.svcThreadGetId)
    i.svcThreadTerminate                     0x00001830   Section        0  rt_cmsis.o(i.svcThreadTerminate)
    i.svcThreadYield                         0x0000186c   Section        0  rt_cmsis.o(i.svcThreadYield)
    i.svcTimerCall                           0x00001876   Section        0  rt_cmsis.o(i.svcTimerCall)
    i.sysTimerTick                           0x00001894   Section        0  rt_cmsis.o(i.sysTimerTick)
    __tagsym$$used.0                         0x000018ec   Number         0  rtx_conf_cm.o(.rodata.CMSIS_RTOS_API_Version)
    __tagsym$$used.1                         0x000018f0   Number         0  rtx_conf_cm.o(.rodata.CMSIS_RTOS_RTX_Version)
    __tagsym$$used.2                         0x00001920   Number         0  rtx_conf_cm.o(.rodata.os_clockrate)
    __tagsym$$used.3                         0x0000196c   Number         0  rtx_conf_cm.o(.rodata.os_timernum)
    .data                                    0x1ffff000   Section        8  rt_cmsis.o(.data)
    .data                                    0x1ffff008   Section        8  rt_task.o(.data)
    os_lock                                  0x1ffff010   Data           1  rt_system.o(.data)
    .data                                    0x1ffff010   Section        8  rt_system.o(.data)
    os_psh_flag                              0x1ffff011   Data           1  rt_system.o(.data)
    pend_flags                               0x1ffff012   Data           1  rt_system.o(.data)
    .data                                    0x1ffff018   Section        4  rt_time.o(.data)
    .data                                    0x1ffff01c   Section        8  rt_robin.o(.data)
    .bss                                     0x1ffff028   Section       52  rt_task.o(.bss)
    .bss                                     0x1ffff05c   Section       48  rt_list.o(.bss)
    STACK                                    0x1ffff648   Section      256  startup_mkl25z4.o(STACK)

    Global Symbols

    Symbol Name                              Value     Ov Type        Size  Object(Section)

    BuildAttributes$$THM_ISAv3M$S$PE$A:L22$X:L11$S22$IEEE1$IW$~IW$USESV6$~STKCKD$USESV7$~SHL$OTIME$EBA8$MICROLIB$REQ8$PRES8$EABIv2 0x00000000   Number         0  anon$$obj.o ABSOLUTE
    __Vectors                                0x00000000   Data           4  startup_mkl25z4.o(RESET)
    __cpp_initialize__aeabi_                  - Undefined Weak Reference
    __cxa_finalize                            - Undefined Weak Reference
    __decompress                              - Undefined Weak Reference
    _clock_init                               - Undefined Weak Reference
    _microlib_exit                            - Undefined Weak Reference
    __Vectors_End                            0x000000c0   Data           0  startup_mkl25z4.o(RESET)
    __Vectors_Size                           0x000000c0   Number         0  startup_mkl25z4.o ABSOLUTE
    __main                                   0x000000c1   Thumb Code     0  entry.o(.ARM.Collect$$$$00000000)
    _main_stk                                0x000000c1   Thumb Code     0  entry2.o(.ARM.Collect$$$$00000001)
    _main_scatterload                        0x000000c5   Thumb Code     0  entry5.o(.ARM.Collect$$$$00000004)
    __main_after_scatterload                 0x000000c9   Thumb Code     0  entry5.o(.ARM.Collect$$$$00000004)
    __rt_final_cpp                           0x000000c9   Thumb Code     0  entry10a.o(.ARM.Collect$$$$0000000D)
    __rt_final_exit                          0x000000c9   Thumb Code     0  entry11a.o(.ARM.Collect$$$$0000000F)
    _main_clock                              0x000000c9   Thumb Code     0  entry7b.o(.ARM.Collect$$$$00000008)
    _main_cpp_init                           0x000000c9   Thumb Code     0  entry8b.o(.ARM.Collect$$$$0000000A)
    _main_init                               0x000000c9   Thumb Code    20  rtx_conf_cm.o(.ARM.Collect$$$$000000FF)
    rt_set_PSP                               0x000000e5   Thumb Code     6  hal_cm0.o(.emb_text)
    rt_get_PSP                               0x000000eb   Thumb Code     6  hal_cm0.o(.emb_text)
    os_set_env                               0x000000f1   Thumb Code    32  hal_cm0.o(.emb_text)
    _alloc_box                               0x00000115   Thumb Code    28  hal_cm0.o(.emb_text)
    _free_box                                0x00000135   Thumb Code    28  hal_cm0.o(.emb_text)
    SVC_Handler                              0x00000155   Thumb Code   136  hal_cm0.o(.emb_text)
    PendSV_Handler                           0x000001e9   Thumb Code    72  hal_cm0.o(.emb_text)
    SysTick_Handler                          0x00000235   Thumb Code     8  hal_cm0.o(.emb_text)
    OS_Tick_Handler                          0x0000023d   Thumb Code    12  hal_cm0.o(.emb_text)
    Thread_LED                               0x00000249   Thumb Code    64  blinky.o(.text)
    Init_Thread_LED                          0x00000289   Thumb Code    28  blinky.o(.text)
    main                                     0x000002ad   Thumb Code    48  blinky.o(.text)
    LED_Initialize                           0x000002e5   Thumb Code    84  led_frdm-kl25z.o(.text)
    LED_Uninitialize                         0x00000349   Thumb Code     4  led_frdm-kl25z.o(.text)
    LED_On                                   0x0000034d   Thumb Code    24  led_frdm-kl25z.o(.text)
    LED_Off                                  0x0000036d   Thumb Code    24  led_frdm-kl25z.o(.text)
    LED_SetOut                               0x0000038d   Thumb Code    44  led_frdm-kl25z.o(.text)
    LED_GetCount                             0x000003c1   Thumb Code     4  led_frdm-kl25z.o(.text)
    os_idle_demon                            0x000003c5   Thumb Code     2  rtx_conf_cm.o(.text)
    os_error                                 0x000003c7   Thumb Code     2  rtx_conf_cm.o(.text)
    __osSignalWait                           0x000003c9   Thumb Code    16  rtx_conf_cm.o(.text)
    __osMessageGet                           0x000003d9   Thumb Code    16  rtx_conf_cm.o(.text)
    __osMailGet                              0x000003e9   Thumb Code    16  rtx_conf_cm.o(.text)
    SVC_Count                                0x000003f8   Data           4  svc_table.o(SVC_TABLE)
    SVC_Table                                0x000003fc   Data           0  svc_table.o(SVC_TABLE)
    __scatterload_null                       0x000003fd   Thumb Code     2  handlers.o(i.__scatterload_null)
    os_tick_irqack                           0x000003ff   Thumb Code     2  rt_system.o(i.os_tick_irqack)
    Reset_Handler                            0x00000411   Thumb Code    12  startup_mkl25z4.o(.text)
    NMI_Handler                              0x0000041d   Thumb Code     2  startup_mkl25z4.o(.text)
    HardFault_Handler                        0x0000041f   Thumb Code     2  startup_mkl25z4.o(.text)
    ADC0_IRQHandler                          0x00000427   Thumb Code     0  startup_mkl25z4.o(.text)
    CMP0_IRQHandler                          0x00000427   Thumb Code     0  startup_mkl25z4.o(.text)
    DAC0_IRQHandler                          0x00000427   Thumb Code     0  startup_mkl25z4.o(.text)
    DMA0_IRQHandler                          0x00000427   Thumb Code     0  startup_mkl25z4.o(.text)
    DMA1_IRQHandler                          0x00000427   Thumb Code     0  startup_mkl25z4.o(.text)
    DMA2_IRQHandler                          0x00000427   Thumb Code     0  startup_mkl25z4.o(.text)
    DMA3_IRQHandler                          0x00000427   Thumb Code     0  startup_mkl25z4.o(.text)
    DefaultISR                               0x00000427   Thumb Code     0  startup_mkl25z4.o(.text)
    FTFA_IRQHandler                          0x00000427   Thumb Code     0  startup_mkl25z4.o(.text)
    I2C0_IRQHandler                          0x00000427   Thumb Code     0  startup_mkl25z4.o(.text)
    I2C1_IRQHandler                          0x00000427   Thumb Code     0  startup_mkl25z4.o(.text)
    LLWU_IRQHandler                          0x00000427   Thumb Code     0  startup_mkl25z4.o(.text)
    LPTMR0_IRQHandler                        0x00000427   Thumb Code     0  startup_mkl25z4.o(.text)
    LVD_LVW_IRQHandler                       0x00000427   Thumb Code     0  startup_mkl25z4.o(.text)
    MCG_IRQHandler                           0x00000427   Thumb Code     0  startup_mkl25z4.o(.text)
    PIT_IRQHandler                           0x00000427   Thumb Code     0  startup_mkl25z4.o(.text)
    PORTA_IRQHandler                         0x00000427   Thumb Code     0  startup_mkl25z4.o(.text)
    PORTD_IRQHandler                         0x00000427   Thumb Code     0  startup_mkl25z4.o(.text)
    RTC_IRQHandler                           0x00000427   Thumb Code     0  startup_mkl25z4.o(.text)
    RTC_Seconds_IRQHandler                   0x00000427   Thumb Code     0  startup_mkl25z4.o(.text)
    Reserved20_IRQHandler                    0x00000427   Thumb Code     0  startup_mkl25z4.o(.text)
    Reserved39_IRQHandler                    0x00000427   Thumb Code     0  startup_mkl25z4.o(.text)
    Reserved45_IRQHandler                    0x00000427   Thumb Code     0  startup_mkl25z4.o(.text)
    SPI0_IRQHandler                          0x00000427   Thumb Code     0  startup_mkl25z4.o(.text)
    SPI1_IRQHandler                          0x00000427   Thumb Code     0  startup_mkl25z4.o(.text)
    TPM0_IRQHandler                          0x00000427   Thumb Code     0  startup_mkl25z4.o(.text)
    TPM1_IRQHandler                          0x00000427   Thumb Code     0  startup_mkl25z4.o(.text)
    TPM2_IRQHandler                          0x00000427   Thumb Code     0  startup_mkl25z4.o(.text)
    TSI0_IRQHandler                          0x00000427   Thumb Code     0  startup_mkl25z4.o(.text)
    UART0_IRQHandler                         0x00000427   Thumb Code     0  startup_mkl25z4.o(.text)
    UART1_IRQHandler                         0x00000427   Thumb Code     0  startup_mkl25z4.o(.text)
    UART2_IRQHandler                         0x00000427   Thumb Code     0  startup_mkl25z4.o(.text)
    USB0_IRQHandler                          0x00000427   Thumb Code     0  startup_mkl25z4.o(.text)
    SystemInit                               0x00000439   Thumb Code     8  system_mkl25z4.o(.text)
    SystemCoreClockUpdate                    0x00000445   Thumb Code   240  system_mkl25z4.o(.text)
    __RL_RTX_VER                             0x00000482   Number         0  rt_system.o ABSOLUTE
    __aeabi_uidiv                            0x00000551   Thumb Code     0  uidiv_div0.o(.text)
    __aeabi_uidivmod                         0x00000551   Thumb Code    62  uidiv_div0.o(.text)
    __scatterload                            0x00000591   Thumb Code    38  init.o(.text)
    __scatterload_rt2                        0x00000591   Thumb Code     0  init.o(.text)
    __scatterload_copy                       0x000005c1   Thumb Code    14  handlers.o(i.__scatterload_copy)
    __scatterload_zeroinit                   0x000005cf   Thumb Code    14  handlers.o(i.__scatterload_zeroinit)
    _init_box                                0x000005dd   Thumb Code    72  rt_membox.o(i._init_box)
    isrMessageGet                            0x00000625   Thumb Code    46  rt_cmsis.o(i.isrMessageGet)
    isrMessagePut                            0x00000653   Thumb Code    48  rt_cmsis.o(i.isrMessagePut)
    isrSignalSet                             0x00000683   Thumb Code    38  rt_cmsis.o(i.isrSignalSet)
    isr_evt_set                              0x000006a9   Thumb Code    30  rt_event.o(i.isr_evt_set)
    isr_mbx_receive                          0x000006cd   Thumb Code    76  rt_mailbox.o(i.isr_mbx_receive)
    isr_mbx_send                             0x00000719   Thumb Code    12  rt_mailbox.o(i.isr_mbx_send)
    osDelay                                  0x00000725   Thumb Code    22  rt_cmsis.o(i.osDelay)
    osKernelInitialize                       0x00000741   Thumb Code    36  rt_cmsis.o(i.osKernelInitialize)
    osKernelStart                            0x00000769   Thumb Code   100  rt_cmsis.o(i.osKernelStart)
    osMailGet                                0x000007d5   Thumb Code    24  rt_cmsis.o(i.osMailGet)
    osMessageGet                             0x000007ed   Thumb Code    24  rt_cmsis.o(i.osMessageGet)
    osSignalSet                              0x00000809   Thumb Code    24  rt_cmsis.o(i.osSignalSet)
    osSignalWait                             0x00000825   Thumb Code    22  rt_cmsis.o(i.osSignalWait)
    osThreadCreate                           0x00000841   Thumb Code    44  rt_cmsis.o(i.osThreadCreate)
    osThreadExit                             0x00000875   Thumb Code    14  rt_cmsis.o(i.osThreadExit)
    osThreadYield                            0x0000088d   Thumb Code    22  rt_cmsis.o(i.osThreadYield)
    osTimerCall                              0x000008a9   Thumb Code    10  rt_cmsis.o(i.osTimerCall)
    osTimerThread                            0x000008b9   Thumb Code    38  rt_cmsis.o(i.osTimerThread)
    os_tick_init                             0x000008e5   Thumb Code    32  rt_system.o(i.os_tick_init)
    rt_alloc_box                             0x00000911   Thumb Code    30  rt_membox.o(i.rt_alloc_box)
    rt_alloc_mem                             0x0000092f   Thumb Code    66  rt_memory.o(i.rt_alloc_mem)
    rt_block                                 0x00000971   Thumb Code    42  rt_task.o(i.rt_block)
    rt_chk_robin                             0x000009a9   Thumb Code    56  rt_robin.o(i.rt_chk_robin)
    rt_dec_dly                               0x000009ed   Thumb Code   108  rt_list.o(i.rt_dec_dly)
    rt_dispatch                              0x00000a61   Thumb Code    56  rt_task.o(i.rt_dispatch)
    rt_dly_wait                              0x00000aa1   Thumb Code    10  rt_time.o(i.rt_dly_wait)
    rt_evt_psh                               0x00000aad   Thumb Code    74  rt_event.o(i.rt_evt_psh)
    rt_evt_set                               0x00000afd   Thumb Code    86  rt_event.o(i.rt_evt_set)
    rt_evt_wait                              0x00000b59   Thumb Code    58  rt_event.o(i.rt_evt_wait)
    rt_free_box                              0x00000b99   Thumb Code    38  rt_membox.o(i.rt_free_box)
    rt_free_mem                              0x00000bbf   Thumb Code    48  rt_memory.o(i.rt_free_mem)
    rt_get_first                             0x00000bef   Thumb Code    42  rt_list.o(i.rt_get_first)
    rt_get_same_rdy_prio                     0x00000c19   Thumb Code    26  rt_list.o(i.rt_get_same_rdy_prio)
    rt_init_mem                              0x00000c8d   Thumb Code    28  rt_memory.o(i.rt_init_mem)
    rt_init_robin                            0x00000ca9   Thumb Code    14  rt_robin.o(i.rt_init_robin)
    rt_init_stack                            0x00000cc1   Thumb Code   106  hal_cm.o(i.rt_init_stack)
    rt_mbx_check                             0x00000d39   Thumb Code     8  rt_mailbox.o(i.rt_mbx_check)
    rt_mbx_init                              0x00000d41   Thumb Code    30  rt_mailbox.o(i.rt_mbx_init)
    rt_mbx_psh                               0x00000d65   Thumb Code   204  rt_mailbox.o(i.rt_mbx_psh)
    rt_mbx_wait                              0x00000e35   Thumb Code   170  rt_mailbox.o(i.rt_mbx_wait)
    rt_pop_req                               0x00000f29   Thumb Code   100  rt_system.o(i.rt_pop_req)
    rt_psh_req                               0x00000f99   Thumb Code    24  rt_system.o(i.rt_psh_req)
    rt_psq_enq                               0x00000fb9   Thumb Code    60  rt_list.o(i.rt_psq_enq)
    rt_put_dly                               0x00000ff9   Thumb Code    74  rt_list.o(i.rt_put_dly)
    rt_put_prio                              0x00001049   Thumb Code    60  rt_list.o(i.rt_put_prio)
    rt_put_rdy_first                         0x00001085   Thumb Code    14  rt_list.o(i.rt_put_rdy_first)
    rt_resort_prio                           0x00001099   Thumb Code    44  rt_list.o(i.rt_resort_prio)
    rt_ret_val                               0x000010c9   Thumb Code     6  hal_cm.o(i.rt_ret_val)
    rt_ret_val2                              0x000010cf   Thumb Code     8  hal_cm.o(i.rt_ret_val2)
    rt_rmv_dly                               0x000010d7   Thumb Code    42  rt_list.o(i.rt_rmv_dly)
    rt_rmv_list                              0x00001101   Thumb Code    46  rt_list.o(i.rt_rmv_list)
    rt_sem_psh                               0x00001135   Thumb Code    48  rt_semaphore.o(i.rt_sem_psh)
    rt_stk_check                             0x00001169   Thumb Code    30  rt_system.o(i.rt_stk_check)
    rt_switch_req                            0x00001191   Thumb Code    10  rt_task.o(i.rt_switch_req)
    rt_sys_init                              0x000011a1   Thumb Code   134  rt_task.o(i.rt_sys_init)
    rt_sys_start                             0x00001269   Thumb Code    82  rt_task.o(i.rt_sys_start)
    rt_systick                               0x000012cd   Thumb Code    48  rt_system.o(i.rt_systick)
    rt_tsk_create                            0x00001355   Thumb Code   106  rt_task.o(i.rt_tsk_create)
    rt_tsk_delete                            0x000013cd   Thumb Code   318  rt_task.o(i.rt_tsk_delete)
    rt_tsk_pass                              0x00001525   Thumb Code    34  rt_task.o(i.rt_tsk_pass)
    rt_tsk_prio                              0x00001551   Thumb Code   112  rt_task.o(i.rt_tsk_prio)
    rt_tsk_self                              0x000015d1   Thumb Code    12  rt_task.o(i.rt_tsk_self)
    svcDelay                                 0x000015e1   Thumb Code    18  rt_cmsis.o(i.svcDelay)
    svcKernelInitialize                      0x000015f5   Thumb Code    86  rt_cmsis.o(i.svcKernelInitialize)
    svcKernelStart                           0x0000166d   Thumb Code    66  rt_cmsis.o(i.svcKernelStart)
    svcMessageCreate                         0x000016b9   Thumb Code    42  rt_cmsis.o(i.svcMessageCreate)
    svcMessageGet                            0x000016e3   Thumb Code    60  rt_cmsis.o(i.svcMessageGet)
    svcSignalSet                             0x0000171f   Thumb Code    38  rt_cmsis.o(i.svcSignalSet)
    svcSignalWait                            0x00001745   Thumb Code    82  rt_cmsis.o(i.svcSignalWait)
    svcThreadCreate                          0x000017a1   Thumb Code   102  rt_cmsis.o(i.svcThreadCreate)
    svcThreadGetId                           0x00001815   Thumb Code    22  rt_cmsis.o(i.svcThreadGetId)
    svcThreadTerminate                       0x00001831   Thumb Code    56  rt_cmsis.o(i.svcThreadTerminate)
    svcThreadYield                           0x0000186d   Thumb Code    10  rt_cmsis.o(i.svcThreadYield)
    svcTimerCall                             0x00001877   Thumb Code    28  rt_cmsis.o(i.svcTimerCall)
    sysTimerTick                             0x00001895   Thumb Code    78  rt_cmsis.o(i.sysTimerTick)
    CMSIS_RTOS_API_Version                   0x000018ec   Data           4  rtx_conf_cm.o(.rodata.CMSIS_RTOS_API_Version)
    CMSIS_RTOS_RTX_Version                   0x000018f0   Data           4  rtx_conf_cm.o(.rodata.CMSIS_RTOS_RTX_Version)
    led_gpio                                 0x000018f4   Data          12  led_frdm-kl25z.o(.rodata.led_gpio)
    led_pin                                  0x00001900   Data          12  led_frdm-kl25z.o(.rodata.led_pin)
    led_port                                 0x0000190c   Data          12  led_frdm-kl25z.o(.rodata.led_port)
    mp_stk_size                              0x00001918   Data           4  rtx_conf_cm.o(.rodata.mp_stk_size)
    mp_tcb_size                              0x0000191c   Data           2  rtx_conf_cm.o(.rodata.mp_tcb_size)
    mp_tmr_size                              0x0000191e   Data           2  rtx_conf_cm.o(.rodata.mp_tmr_size)
    os_clockrate                             0x00001920   Data           4  rtx_conf_cm.o(.rodata.os_clockrate)
    os_fifo_size                             0x00001924   Data           1  rtx_conf_cm.o(.rodata.os_fifo_size)
    os_flags                                 0x00001925   Data           1  rtx_conf_cm.o(.rodata.os_flags)
    os_maxtaskrun                            0x00001926   Data           2  rtx_conf_cm.o(.rodata.os_maxtaskrun)
    os_messageQ_def_osTimerMessageQ          0x00001928   Data           8  rtx_conf_cm.o(.rodata.os_messageQ_def_osTimerMessageQ)
    os_rrobin                                0x00001930   Data           4  rtx_conf_cm.o(.rodata.os_rrobin)
    os_stack_sz                              0x00001934   Data           4  rtx_conf_cm.o(.rodata.os_stack_sz)
    os_stackinfo                             0x00001938   Data           4  rtx_conf_cm.o(.rodata.os_stackinfo)
    os_thread_def_Thread_LED                 0x0000193c   Data          16  blinky.o(.rodata.os_thread_def_Thread_LED)
    os_thread_def_main                       0x0000194c   Data          16  rtx_conf_cm.o(.rodata.os_thread_def_main)
    os_thread_def_osTimerThread              0x0000195c   Data          16  rtx_conf_cm.o(.rodata.os_thread_def_osTimerThread)
    os_timernum                              0x0000196c   Data           4  rtx_conf_cm.o(.rodata.os_timernum)
    os_trv                                   0x00001970   Data           4  rtx_conf_cm.o(.rodata.os_trv)
    Region$$Table$$Base                      0x00001974   Number         0  anon$$obj.o(Region$$Table)
    Region$$Table$$Limit                     0x00001994   Number         0  anon$$obj.o(Region$$Table)
    os_initialized                           0x1ffff000   Data           1  rt_cmsis.o(.data)
    os_running                               0x1ffff001   Data           1  rt_cmsis.o(.data)
    os_timer_head                            0x1ffff004   Data           4  rt_cmsis.o(.data)
    os_tsk                                   0x1ffff008   Data           8  rt_task.o(.data)
    os_tick_irqn                             0x1ffff014   Data           4  rt_system.o(.data)
    os_time                                  0x1ffff018   Data           4  rt_time.o(.data)
    os_robin                                 0x1ffff01c   Data           8  rt_robin.o(.data)
    SystemCoreClock                          0x1ffff024   Data           4  system_mkl25z4.o(.data.SystemCoreClock)
    os_idle_TCB                              0x1ffff028   Data          52  rt_task.o(.bss)
    os_rdy                                   0x1ffff05c   Data          24  rt_list.o(.bss)
    os_dly                                   0x1ffff074   Data          24  rt_list.o(.bss)
    m_tmr                                    0x1ffff08c   Data           4  rtx_conf_cm.o(.bss.m_tmr)
    mp_stk                                   0x1ffff090   Data         616  rtx_conf_cm.o(.bss.mp_stk)
    mp_tcb                                   0x1ffff2f8   Data         220  rtx_conf_cm.o(.bss.mp_tcb)
    osMessageQId_osTimerMessageQ             0x1ffff3d4   Data           4  rtx_conf_cm.o(.bss.osMessageQId_osTimerMessageQ)
    osThreadId_osTimerThread                 0x1ffff3d8   Data           4  rtx_conf_cm.o(.bss.osThreadId_osTimerThread)
    os_active_TCB                            0x1ffff3dc   Data          16  rtx_conf_cm.o(.bss.os_active_TCB)
    os_fifo                                  0x1ffff3ec   Data         132  rtx_conf_cm.o(.bss.os_fifo)
    os_messageQ_q_osTimerMessageQ            0x1ffff470   Data          32  rtx_conf_cm.o(.bss.os_messageQ_q_osTimerMessageQ)
    os_stack_mem                             0x1ffff490   Data         432  rtx_conf_cm.o(.bss.os_stack_mem)
    tid_Thread_LED                           0x1ffff640   Data           4  blinky.o(.bss.tid_Thread_LED)
    __initial_sp                             0x1ffff748   Data           0  startup_mkl25z4.o(STACK)



==============================================================================

Memory Map of the image

  Image Entry point : 0x000000c1

  Load Region LR_IROM1 (Base: 0x00000000, Size: 0x000019c0, Max: 0x00020000, ABSOLUTE)

    Execution Region ER_IROM1 (Exec base: 0x00000000, Load base: 0x00000000, Size: 0x00001994, Max: 0x00020000, ABSOLUTE)

    Exec Addr    Load Addr    Size         Type   Attr      Idx    E Section Name        Object

    0x00000000   0x00000000   0x000000c0   Data   RO           66    RESET               startup_mkl25z4.o
    0x000000c0   0x000000c0   0x00000000   Code   RO         1271  * .ARM.Collect$$$$00000000  mc_p.l(entry.o)
    0x000000c0   0x000000c0   0x00000004   Code   RO         1282    .ARM.Collect$$$$00000001  mc_p.l(entry2.o)
    0x000000c4   0x000000c4   0x00000004   Code   RO         1285    .ARM.Collect$$$$00000004  mc_p.l(entry5.o)
    0x000000c8   0x000000c8   0x00000000   Code   RO         1287    .ARM.Collect$$$$00000008  mc_p.l(entry7b.o)
    0x000000c8   0x000000c8   0x00000000   Code   RO         1289    .ARM.Collect$$$$0000000A  mc_p.l(entry8b.o)
    0x000000c8   0x000000c8   0x00000000   Code   RO         1290    .ARM.Collect$$$$0000000D  mc_p.l(entry10a.o)
    0x000000c8   0x000000c8   0x00000000   Code   RO         1292    .ARM.Collect$$$$0000000F  mc_p.l(entry11a.o)
    0x000000c8   0x000000c8   0x00000018   Code   RO           25    .ARM.Collect$$$$000000FF  rtx_conf_cm.o
    0x000000e0   0x000000e0   0x00000004   Code   RO         1283    .ARM.Collect$$$$00002712  mc_p.l(entry2.o)
    0x000000e4   0x000000e4   0x00000164   Code   RO         1258    .emb_text           RTX_CM0.lib(hal_cm0.o)
    0x00000248   0x00000248   0x0000009c   Code   RO            1    .text               blinky.o
    0x000002e4   0x000002e4   0x000000e0   Code   RO           12    .text               led_frdm-kl25z.o
    0x000003c4   0x000003c4   0x00000034   Code   RO           23    .text               rtx_conf_cm.o
    0x000003f8   0x000003f8   0x00000004   Code   RO         1268    SVC_TABLE           RTX_CM0.lib(svc_table.o)
    0x000003fc   0x000003fc   0x00000002   Code   RO         1313    i.__scatterload_null  mc_p.l(handlers.o)
    0x000003fe   0x000003fe   0x00000002   Code   RO          795    i.os_tick_irqack    RTX_CM0.lib(rt_system.o)
    0x00000400   0x00000400   0x00000010   Code   RO           67    .ARM.__at_0x400     startup_mkl25z4.o
    0x00000410   0x00000410   0x00000028   Code   RO           68    .text               startup_mkl25z4.o
    0x00000438   0x00000438   0x00000118   Code   RO           76    .text               system_mkl25z4.o
    0x00000550   0x00000550   0x0000003e   Code   RO         1298    .text               mc_p.l(uidiv_div0.o)
    0x0000058e   0x0000058e   0x00000002   PAD
    0x00000590   0x00000590   0x00000030   Code   RO         1308    .text               mc_p.l(init.o)
    0x000005c0   0x000005c0   0x0000000e   Code   RO         1312    i.__scatterload_copy  mc_p.l(handlers.o)
    0x000005ce   0x000005ce   0x0000000e   Code   RO         1314    i.__scatterload_zeroinit  mc_p.l(handlers.o)
    0x000005dc   0x000005dc   0x00000048   Code   RO         1160    i._init_box         RTX_CM0.lib(rt_membox.o)
    0x00000624   0x00000624   0x0000002e   Code   RO           87    i.isrMessageGet     RTX_CM0.lib(rt_cmsis.o)
    0x00000652   0x00000652   0x00000030   Code   RO           88    i.isrMessagePut     RTX_CM0.lib(rt_cmsis.o)
    0x00000682   0x00000682   0x00000026   Code   RO           90    i.isrSignalSet      RTX_CM0.lib(rt_cmsis.o)
    0x000006a8   0x000006a8   0x00000024   Code   RO          884    i.isr_evt_set       RTX_CM0.lib(rt_event.o)
    0x000006cc   0x000006cc   0x0000004c   Code   RO         1006    i.isr_mbx_receive   RTX_CM0.lib(rt_mailbox.o)
    0x00000718   0x00000718   0x0000000c   Code   RO         1007    i.isr_mbx_send      RTX_CM0.lib(rt_mailbox.o)
    0x00000724   0x00000724   0x0000001c   Code   RO           91    i.osDelay           RTX_CM0.lib(rt_cmsis.o)
    0x00000740   0x00000740   0x00000028   Code   RO           92    i.osKernelInitialize  RTX_CM0.lib(rt_cmsis.o)
    0x00000768   0x00000768   0x0000006c   Code   RO           94    i.osKernelStart     RTX_CM0.lib(rt_cmsis.o)
    0x000007d4   0x000007d4   0x00000018   Code   RO          100    i.osMailGet         RTX_CM0.lib(rt_cmsis.o)
    0x000007ec   0x000007ec   0x0000001c   Code   RO          103    i.osMessageGet      RTX_CM0.lib(rt_cmsis.o)
    0x00000808   0x00000808   0x0000001c   Code   RO          118    i.osSignalSet       RTX_CM0.lib(rt_cmsis.o)
    0x00000824   0x00000824   0x0000001c   Code   RO          119    i.osSignalWait      RTX_CM0.lib(rt_cmsis.o)
    0x00000840   0x00000840   0x00000034   Code   RO          120    i.osThreadCreate    RTX_CM0.lib(rt_cmsis.o)
    0x00000874   0x00000874   0x00000018   Code   RO          121    i.osThreadExit      RTX_CM0.lib(rt_cmsis.o)
    0x0000088c   0x0000088c   0x0000001c   Code   RO          126    i.osThreadYield     RTX_CM0.lib(rt_cmsis.o)
    0x000008a8   0x000008a8   0x00000010   Code   RO          127    i.osTimerCall       RTX_CM0.lib(rt_cmsis.o)
    0x000008b8   0x000008b8   0x0000002c   Code   RO          132    i.osTimerThread     RTX_CM0.lib(rt_cmsis.o)
    0x000008e4   0x000008e4   0x0000002c   Code   RO          794    i.os_tick_init      RTX_CM0.lib(rt_system.o)
    0x00000910   0x00000910   0x0000001e   Code   RO         1161    i.rt_alloc_box      RTX_CM0.lib(rt_membox.o)
    0x0000092e   0x0000092e   0x00000042   Code   RO         1189    i.rt_alloc_mem      RTX_CM0.lib(rt_memory.o)
    0x00000970   0x00000970   0x00000038   Code   RO          709    i.rt_block          RTX_CM0.lib(rt_task.o)
    0x000009a8   0x000009a8   0x00000044   Code   RO         1237    i.rt_chk_robin      RTX_CM0.lib(rt_robin.o)
    0x000009ec   0x000009ec   0x00000074   Code   RO          930    i.rt_dec_dly        RTX_CM0.lib(rt_list.o)
    0x00000a60   0x00000a60   0x00000040   Code   RO          710    i.rt_dispatch       RTX_CM0.lib(rt_task.o)
    0x00000aa0   0x00000aa0   0x0000000a   Code   RO         1096    i.rt_dly_wait       RTX_CM0.lib(rt_time.o)
    0x00000aaa   0x00000aaa   0x00000002   PAD
    0x00000aac   0x00000aac   0x00000050   Code   RO          887    i.rt_evt_psh        RTX_CM0.lib(rt_event.o)
    0x00000afc   0x00000afc   0x0000005c   Code   RO          888    i.rt_evt_set        RTX_CM0.lib(rt_event.o)
    0x00000b58   0x00000b58   0x00000040   Code   RO          889    i.rt_evt_wait       RTX_CM0.lib(rt_event.o)
    0x00000b98   0x00000b98   0x00000026   Code   RO         1162    i.rt_free_box       RTX_CM0.lib(rt_membox.o)
    0x00000bbe   0x00000bbe   0x00000030   Code   RO         1190    i.rt_free_mem       RTX_CM0.lib(rt_memory.o)
    0x00000bee   0x00000bee   0x0000002a   Code   RO          931    i.rt_get_first      RTX_CM0.lib(rt_list.o)
    0x00000c18   0x00000c18   0x00000024   Code   RO          932    i.rt_get_same_rdy_prio  RTX_CM0.lib(rt_list.o)
    0x00000c3c   0x00000c3c   0x00000008   Code   RO          137    i.rt_id2obj         RTX_CM0.lib(rt_cmsis.o)
    0x00000c44   0x00000c44   0x00000048   Code   RO          711    i.rt_init_context   RTX_CM0.lib(rt_task.o)
    0x00000c8c   0x00000c8c   0x0000001c   Code   RO         1191    i.rt_init_mem       RTX_CM0.lib(rt_memory.o)
    0x00000ca8   0x00000ca8   0x00000018   Code   RO         1238    i.rt_init_robin     RTX_CM0.lib(rt_robin.o)
    0x00000cc0   0x00000cc0   0x00000078   Code   RO         1213    i.rt_init_stack     RTX_CM0.lib(hal_cm.o)
    0x00000d38   0x00000d38   0x00000008   Code   RO         1008    i.rt_mbx_check      RTX_CM0.lib(rt_mailbox.o)
    0x00000d40   0x00000d40   0x00000024   Code   RO         1009    i.rt_mbx_init       RTX_CM0.lib(rt_mailbox.o)
    0x00000d64   0x00000d64   0x000000d0   Code   RO         1010    i.rt_mbx_psh        RTX_CM0.lib(rt_mailbox.o)
    0x00000e34   0x00000e34   0x000000b0   Code   RO         1012    i.rt_mbx_wait       RTX_CM0.lib(rt_mailbox.o)
    0x00000ee4   0x00000ee4   0x00000044   Code   RO          138    i.rt_ms2tick        RTX_CM0.lib(rt_cmsis.o)
    0x00000f28   0x00000f28   0x00000070   Code   RO          798    i.rt_pop_req        RTX_CM0.lib(rt_system.o)
    0x00000f98   0x00000f98   0x00000020   Code   RO          799    i.rt_psh_req        RTX_CM0.lib(rt_system.o)
    0x00000fb8   0x00000fb8   0x00000040   Code   RO          933    i.rt_psq_enq        RTX_CM0.lib(rt_list.o)
    0x00000ff8   0x00000ff8   0x00000050   Code   RO          934    i.rt_put_dly        RTX_CM0.lib(rt_list.o)
    0x00001048   0x00001048   0x0000003c   Code   RO          935    i.rt_put_prio       RTX_CM0.lib(rt_list.o)
    0x00001084   0x00001084   0x00000014   Code   RO          936    i.rt_put_rdy_first  RTX_CM0.lib(rt_list.o)
    0x00001098   0x00001098   0x00000030   Code   RO          937    i.rt_resort_prio    RTX_CM0.lib(rt_list.o)
    0x000010c8   0x000010c8   0x00000006   Code   RO         1214    i.rt_ret_val        RTX_CM0.lib(hal_cm.o)
    0x000010ce   0x000010ce   0x00000008   Code   RO         1215    i.rt_ret_val2       RTX_CM0.lib(hal_cm.o)
    0x000010d6   0x000010d6   0x0000002a   Code   RO          938    i.rt_rmv_dly        RTX_CM0.lib(rt_list.o)
    0x00001100   0x00001100   0x00000034   Code   RO          939    i.rt_rmv_list       RTX_CM0.lib(rt_list.o)
    0x00001134   0x00001134   0x00000034   Code   RO         1057    i.rt_sem_psh        RTX_CM0.lib(rt_semaphore.o)
    0x00001168   0x00001168   0x00000028   Code   RO          801    i.rt_stk_check      RTX_CM0.lib(rt_system.o)
    0x00001190   0x00001190   0x00000010   Code   RO          712    i.rt_switch_req     RTX_CM0.lib(rt_task.o)
    0x000011a0   0x000011a0   0x000000c8   Code   RO          713    i.rt_sys_init       RTX_CM0.lib(rt_task.o)
    0x00001268   0x00001268   0x00000064   Code   RO          714    i.rt_sys_start      RTX_CM0.lib(rt_task.o)
    0x000012cc   0x000012cc   0x0000003c   Code   RO          803    i.rt_systick        RTX_CM0.lib(rt_system.o)
    0x00001308   0x00001308   0x00000012   Code   RO          139    i.rt_tid2ptcb       RTX_CM0.lib(rt_cmsis.o)
    0x0000131a   0x0000131a   0x00000002   PAD
    0x0000131c   0x0000131c   0x00000038   Code   RO          140    i.rt_timer_insert   RTX_CM0.lib(rt_cmsis.o)
    0x00001354   0x00001354   0x00000078   Code   RO          715    i.rt_tsk_create     RTX_CM0.lib(rt_task.o)
    0x000013cc   0x000013cc   0x00000158   Code   RO          716    i.rt_tsk_delete     RTX_CM0.lib(rt_task.o)
    0x00001524   0x00001524   0x0000002c   Code   RO          717    i.rt_tsk_pass       RTX_CM0.lib(rt_task.o)
    0x00001550   0x00001550   0x00000080   Code   RO          718    i.rt_tsk_prio       RTX_CM0.lib(rt_task.o)
    0x000015d0   0x000015d0   0x00000010   Code   RO          719    i.rt_tsk_self       RTX_CM0.lib(rt_task.o)
    0x000015e0   0x000015e0   0x00000012   Code   RO          142    i.svcDelay          RTX_CM0.lib(rt_cmsis.o)
    0x000015f2   0x000015f2   0x00000002   PAD
    0x000015f4   0x000015f4   0x00000078   Code   RO          143    i.svcKernelInitialize  RTX_CM0.lib(rt_cmsis.o)
    0x0000166c   0x0000166c   0x0000004c   Code   RO          145    i.svcKernelStart    RTX_CM0.lib(rt_cmsis.o)
    0x000016b8   0x000016b8   0x0000002a   Code   RO          148    i.svcMessageCreate  RTX_CM0.lib(rt_cmsis.o)
    0x000016e2   0x000016e2   0x0000003c   Code   RO          149    i.svcMessageGet     RTX_CM0.lib(rt_cmsis.o)
    0x0000171e   0x0000171e   0x00000026   Code   RO          161    i.svcSignalSet      RTX_CM0.lib(rt_cmsis.o)
    0x00001744   0x00001744   0x0000005c   Code   RO          162    i.svcSignalWait     RTX_CM0.lib(rt_cmsis.o)
    0x000017a0   0x000017a0   0x00000074   Code   RO          163    i.svcThreadCreate   RTX_CM0.lib(rt_cmsis.o)
    0x00001814   0x00001814   0x0000001c   Code   RO          164    i.svcThreadGetId    RTX_CM0.lib(rt_cmsis.o)
    0x00001830   0x00001830   0x0000003c   Code   RO          167    i.svcThreadTerminate  RTX_CM0.lib(rt_cmsis.o)
    0x0000186c   0x0000186c   0x0000000a   Code   RO          168    i.svcThreadYield    RTX_CM0.lib(rt_cmsis.o)
    0x00001876   0x00001876   0x0000001c   Code   RO          169    i.svcTimerCall      RTX_CM0.lib(rt_cmsis.o)
    0x00001892   0x00001892   0x00000002   PAD
    0x00001894   0x00001894   0x00000058   Code   RO          178    i.sysTimerTick      RTX_CM0.lib(rt_cmsis.o)
    0x000018ec   0x000018ec   0x00000004   Data   RO           35    .rodata.CMSIS_RTOS_API_Version  rtx_conf_cm.o
    0x000018f0   0x000018f0   0x00000004   Data   RO           36    .rodata.CMSIS_RTOS_RTX_Version  rtx_conf_cm.o
    0x000018f4   0x000018f4   0x0000000c   Data   RO           16    .rodata.led_gpio    led_frdm-kl25z.o
    0x00001900   0x00001900   0x0000000c   Data   RO           14    .rodata.led_pin     led_frdm-kl25z.o
    0x0000190c   0x0000190c   0x0000000c   Data   RO           15    .rodata.led_port    led_frdm-kl25z.o
    0x00001918   0x00001918   0x00000004   Data   RO           40    .rodata.mp_stk_size  rtx_conf_cm.o
    0x0000191c   0x0000191c   0x00000002   Data   RO           39    .rodata.mp_tcb_size  rtx_conf_cm.o
    0x0000191e   0x0000191e   0x00000002   Data   RO           48    .rodata.mp_tmr_size  rtx_conf_cm.o
    0x00001920   0x00001920   0x00000004   Data   RO           37    .rodata.os_clockrate  rtx_conf_cm.o
    0x00001924   0x00001924   0x00000001   Data   RO           42    .rodata.os_fifo_size  rtx_conf_cm.o
    0x00001925   0x00001925   0x00000001   Data   RO           34    .rodata.os_flags    rtx_conf_cm.o
    0x00001926   0x00001926   0x00000002   Data   RO           27    .rodata.os_maxtaskrun  rtx_conf_cm.o
    0x00001928   0x00001928   0x00000008   Data   RO           45    .rodata.os_messageQ_def_osTimerMessageQ  rtx_conf_cm.o
    0x00001930   0x00001930   0x00000004   Data   RO           29    .rodata.os_rrobin   rtx_conf_cm.o
    0x00001934   0x00001934   0x00000004   Data   RO           41    .rodata.os_stack_sz  rtx_conf_cm.o
    0x00001938   0x00001938   0x00000004   Data   RO           28    .rodata.os_stackinfo  rtx_conf_cm.o
    0x0000193c   0x0000193c   0x00000010   Data   RO            3    .rodata.os_thread_def_Thread_LED  blinky.o
    0x0000194c   0x0000194c   0x00000010   Data   RO           49    .rodata.os_thread_def_main  rtx_conf_cm.o
    0x0000195c   0x0000195c   0x00000010   Data   RO           43    .rodata.os_thread_def_osTimerThread  rtx_conf_cm.o
    0x0000196c   0x0000196c   0x00000004   Data   RO           38    .rodata.os_timernum  rtx_conf_cm.o
    0x00001970   0x00001970   0x00000004   Data   RO           33    .rodata.os_trv      rtx_conf_cm.o
    0x00001974   0x00001974   0x00000020   Data   RO         1311    Region$$Table       anon$$obj.o


    Execution Region RW_IRAM1 (Exec base: 0x1ffff000, Load base: 0x00001998, Size: 0x00000748, Max: 0x00004000, ABSOLUTE)

    Exec Addr    Load Addr    Size         Type   Attr      Idx    E Section Name        Object

    0x1ffff000   0x00001998   0x00000008   Data   RW          181    .data               RTX_CM0.lib(rt_cmsis.o)
    0x1ffff008   0x000019a0   0x00000008   Data   RW          721    .data               RTX_CM0.lib(rt_task.o)
    0x1ffff010   0x000019a8   0x00000008   Data   RW          806    .data               RTX_CM0.lib(rt_system.o)
    0x1ffff018   0x000019b0   0x00000004   Data   RW         1100    .data               RTX_CM0.lib(rt_time.o)
    0x1ffff01c   0x000019b4   0x00000008   Data   RW         1239    .data               RTX_CM0.lib(rt_robin.o)
    0x1ffff024   0x000019bc   0x00000004   Data   RW           78    .data.SystemCoreClock  system_mkl25z4.o
    0x1ffff028        -       0x00000034   Zero   RW          720    .bss                RTX_CM0.lib(rt_task.o)
    0x1ffff05c        -       0x00000030   Zero   RW          940    .bss                RTX_CM0.lib(rt_list.o)
    0x1ffff08c        -       0x00000004   Zero   RW           47    .bss.m_tmr          rtx_conf_cm.o
    0x1ffff090        -       0x00000268   Zero   RW           51    .bss.mp_stk         rtx_conf_cm.o
    0x1ffff2f8        -       0x000000dc   Zero   RW           50    .bss.mp_tcb         rtx_conf_cm.o
    0x1ffff3d4        -       0x00000004   Zero   RW           56    .bss.osMessageQId_osTimerMessageQ  rtx_conf_cm.o
    0x1ffff3d8        -       0x00000004   Zero   RW           55    .bss.osThreadId_osTimerThread  rtx_conf_cm.o
    0x1ffff3dc        -       0x00000010   Zero   RW           54    .bss.os_active_TCB  rtx_conf_cm.o
    0x1ffff3ec        -       0x00000084   Zero   RW           53    .bss.os_fifo        rtx_conf_cm.o
    0x1ffff470        -       0x00000020   Zero   RW           44    .bss.os_messageQ_q_osTimerMessageQ  rtx_conf_cm.o
    0x1ffff490        -       0x000001b0   Zero   RW           52    .bss.os_stack_mem   rtx_conf_cm.o
    0x1ffff640        -       0x00000004   Zero   RW            4    .bss.tid_Thread_LED  blinky.o
    0x1ffff644   0x000019c0   0x00000004   PAD
    0x1ffff648        -       0x00000100   Zero   RW           64    STACK               startup_mkl25z4.o


==============================================================================

Image component sizes


      Code (inc. data)   RO Data    RW Data    ZI Data      Debug   Object Name

       156         16         16          0          4       2014   blinky.o
       224         40         36          0          0       2916   led_frdm-kl25z.o
        76          4         84          0       1460       4195   rtx_conf_cm.o
        56         30        192          0        256        856   startup_mkl25z4.o
       280         40          0          4          0       2497   system_mkl25z4.o

    ----------------------------------------------------------------------
       792        130        360          4       1724      12478   Object Totals
         0          0         32          0          0          0   (incl. Generated)
         0          0          0          0          4          0   (incl. Padding)

    ----------------------------------------------------------------------

      Code (inc. data)   RO Data    RW Data    ZI Data      Debug   Library Member Name

       134         14          0          0          0       1655   hal_cm.o
       356         40          0          0          0        828   hal_cm0.o
      1506        172          0          8          0      38875   rt_cmsis.o
       272         24          0          0          0       2510   rt_event.o
       560         44          0          0         48       8504   rt_list.o
       516         16          0          0          0       3777   rt_mailbox.o
       140          0          0          0          0       1925   rt_membox.o
       142          0          0          0          0       2275   rt_memory.o
        92         22          0          8          0       1098   rt_robin.o
        52          4          0          0          0        545   rt_semaphore.o
       290         54          0          8          0       5955   rt_system.o
      1160        188          0          8         52       9579   rt_task.o
        10          0          0          4          0        656   rt_time.o
         4          4          0          0          0        196   svc_table.o
         0          0          0          0          0          0   entry.o
         0          0          0          0          0          0   entry10a.o
         0          0          0          0          0          0   entry11a.o
         8          4          0          0          0          0   entry2.o
         4          0          0          0          0          0   entry5.o
         0          0          0          0          0          0   entry7b.o
         0          0          0          0          0          0   entry8b.o
        30          0          0          0          0          0   handlers.o
        48         10          0          0          0         68   init.o
        62          0          0          0          0         72   uidiv_div0.o

    ----------------------------------------------------------------------
      5396        596          0         36        100      78518   Library Totals
        10          0          0          0          0          0   (incl. Padding)

    ----------------------------------------------------------------------

      Code (inc. data)   RO Data    RW Data    ZI Data      Debug   Library Name

      5234        582          0         36        100      78378   RTX_CM0.lib
       152         14          0          0          0        140   mc_p.l

    ----------------------------------------------------------------------
      5396        596          0         36        100      78518   Library Totals

    ----------------------------------------------------------------------

==============================================================================


      Code (inc. data)   RO Data    RW Data    ZI Data      Debug   

      6188        726        360         40       1824      87604   Grand Totals
      6188        726        360         40       1824      87604   ELF Image Totals
      6188        726        360         40          0          0   ROM Totals

==============================================================================

    Total RO  Size (Code + RO Data)                 6548 (   6.39kB)
    Total RW  Size (RW Data + ZI Data)              1864 (   1.82kB)
    Total ROM Size (Code + RO Data + RW Data)       6588 (   6.43kB)

==============================================================================

